// Jest Snapshot v1, https://goo.gl/fbAQLP

exports[`GalleryScreen Renderització bàsica snapshot test 1`] = `
<View
  style={
    [
      {
        "backgroundColor": "#FFFFFF",
        "flex": 1,
      },
      {
        "paddingTop": 0,
      },
    ]
  }
>
  <View
    style={
      {
        "alignItems": "center",
        "borderBottomColor": "#E5E7EB",
        "borderBottomWidth": 1,
        "flexDirection": "row",
        "paddingHorizontal": 16,
        "paddingVertical": 16,
      }
    }
  >
    <View
      accessibilityState={
        {
          "busy": undefined,
          "checked": undefined,
          "disabled": undefined,
          "expanded": undefined,
          "selected": undefined,
        }
      }
      accessibilityValue={
        {
          "max": undefined,
          "min": undefined,
          "now": undefined,
          "text": undefined,
        }
      }
      accessible={true}
      collapsable={false}
      focusable={true}
      onClick={[Function]}
      onResponderGrant={[Function]}
      onResponderMove={[Function]}
      onResponderRelease={[Function]}
      onResponderTerminate={[Function]}
      onResponderTerminationRequest={[Function]}
      onStartShouldSetResponder={[Function]}
      style={
        {
          "alignItems": "center",
          "backgroundColor": "transparent",
          "borderRadius": 8,
          "height": 40,
          "justifyContent": "center",
          "marginRight": 12,
          "opacity": 1,
          "width": 40,
        }
      }
    >
      <AddPhotoIcon
        color="#1F2937"
        height={24}
        width={24}
      />
    </View>
    <View
      style={
        {
          "flex": 1,
        }
      }
    >
      <Text
        style={
          {
            "color": "#111827",
            "fontSize": 18,
            "fontWeight": "600",
          }
        }
      >
        refuge.gallery.title
      </Text>
      <Text
        style={
          {
            "color": "#6B7280",
            "fontSize": 14,
            "marginTop": 2,
          }
        }
      >
        Test Refuge
      </Text>
    </View>
  </View>
  <RCTScrollView
    contentContainerStyle={
      {
        "padding": 4,
      }
    }
    showsVerticalScrollIndicator={false}
    style={
      {
        "flex": 1,
      }
    }
  >
    <View>
      <View
        style={
          {
            "flexDirection": "row",
            "flexWrap": "wrap",
            "gap": 4,
          }
        }
      >
        <View
          accessibilityState={
            {
              "busy": undefined,
              "checked": undefined,
              "disabled": undefined,
              "expanded": undefined,
              "selected": undefined,
            }
          }
          accessibilityValue={
            {
              "max": undefined,
              "min": undefined,
              "now": undefined,
              "text": undefined,
            }
          }
          accessible={true}
          collapsable={false}
          focusable={true}
          onClick={[Function]}
          onResponderGrant={[Function]}
          onResponderMove={[Function]}
          onResponderRelease={[Function]}
          onResponderTerminate={[Function]}
          onResponderTerminationRequest={[Function]}
          onStartShouldSetResponder={[Function]}
          style={
            {
              "backgroundColor": "#F3F4F6",
              "height": 244.66666666666666,
              "opacity": 1,
              "overflow": "hidden",
              "position": "relative",
              "width": 244.66666666666666,
            }
          }
        >
          <Image
            resizeMode="cover"
            source={
              {
                "uri": "https://example.com/photo1.jpg",
              }
            }
            style={
              {
                "height": "100%",
                "width": "100%",
              }
            }
          />
        </View>
        <View
          accessibilityState={
            {
              "busy": undefined,
              "checked": undefined,
              "disabled": undefined,
              "expanded": undefined,
              "selected": undefined,
            }
          }
          accessibilityValue={
            {
              "max": undefined,
              "min": undefined,
              "now": undefined,
              "text": undefined,
            }
          }
          accessible={true}
          collapsable={false}
          focusable={true}
          onClick={[Function]}
          onResponderGrant={[Function]}
          onResponderMove={[Function]}
          onResponderRelease={[Function]}
          onResponderTerminate={[Function]}
          onResponderTerminationRequest={[Function]}
          onStartShouldSetResponder={[Function]}
          style={
            {
              "backgroundColor": "#F3F4F6",
              "height": 244.66666666666666,
              "opacity": 1,
              "overflow": "hidden",
              "position": "relative",
              "width": 244.66666666666666,
            }
          }
        >
          <Image
            resizeMode="cover"
            source={
              {
                "uri": "https://example.com/photo2.jpg",
              }
            }
            style={
              {
                "height": "100%",
                "width": "100%",
              }
            }
          />
        </View>
        <View
          accessibilityState={
            {
              "busy": undefined,
              "checked": undefined,
              "disabled": undefined,
              "expanded": undefined,
              "selected": undefined,
            }
          }
          accessibilityValue={
            {
              "max": undefined,
              "min": undefined,
              "now": undefined,
              "text": undefined,
            }
          }
          accessible={true}
          collapsable={false}
          focusable={true}
          onClick={[Function]}
          onResponderGrant={[Function]}
          onResponderMove={[Function]}
          onResponderRelease={[Function]}
          onResponderTerminate={[Function]}
          onResponderTerminationRequest={[Function]}
          onStartShouldSetResponder={[Function]}
          style={
            {
              "backgroundColor": "#F3F4F6",
              "height": 244.66666666666666,
              "opacity": 1,
              "overflow": "hidden",
              "position": "relative",
              "width": 244.66666666666666,
            }
          }
        >
          <Image
            resizeMode="cover"
            source={
              {
                "uri": "https://example.com/photo3.jpg",
              }
            }
            style={
              {
                "height": "100%",
                "width": "100%",
              }
            }
          />
        </View>
      </View>
    </View>
  </RCTScrollView>
</View>
`;
