node.exe : npm verbose cli C:\Program Files\nodejs\node.exe C:\Program Files\nodejs\node_modules\npm\bin\npm-cli.js
En C:\Program Files\nodejs\npm.ps1: 29 Carácter: 3
+   & $NODE_EXE $NPM_CLI_JS $args
+   ~~~~~~~~~~~~~~~~~~~~~~~~~~~~~
    + CategoryInfo          : NotSpecified: (npm verbose cli...\bin\npm-cli.js:String) [], RemoteException
    + FullyQualifiedErrorId : NativeCommandError
 
npm info using npm@10.9.2
npm info using node@v22.16.0
npm verbose title npm test .\src\__tests__\integration\screens\EditProfileScreen.integration.test.tsx
npm verbose argv "test" ".\\src\\__tests__\\integration\\screens\\EditProfileScreen.integration.test.tsx" "--loglevel" 
"verbose"
npm verbose logfile logs-max:10 dir:C:\Users\jordi\AppData\Local\npm-cache\_logs\2025-11-18T00_05_54_655Z-
npm verbose logfile C:\Users\jordi\AppData\Local\npm-cache\_logs\2025-11-18T00_05_54_655Z-debug-0.log

> refugislliures-frontend@1.0.0 test
> jest .\src\__tests__\integration\screens\EditProfileScreen.integration.test.tsx

  console.log
    EditProfileScreen: backendUser keys -> [ 'username', 'email' ]

      at log (src/screens/EditProfileScreen.tsx:131:13)

  console.log
    EditProfileScreen: resolved username -> CurrentUser

      at log (src/screens/EditProfileScreen.tsx:133:13)

  console.log
    EditProfileScreen: backendUser keys -> [ 'username', 'email' ]

      at log (src/screens/EditProfileScreen.tsx:131:13)

  console.log
    EditProfileScreen: resolved username -> CurrentUser

      at log (src/screens/EditProfileScreen.tsx:133:13)

  console.log
    EditProfileScreen: backendUser keys -> [ 'username', 'email' ]

      at log (src/screens/EditProfileScreen.tsx:131:13)

  console.log
    EditProfileScreen: resolved username -> CurrentUser

      at log (src/screens/EditProfileScreen.tsx:133:13)

  console.log
    EditProfileScreen: backendUser keys -> [ 'username', 'email' ]

      at log (src/screens/EditProfileScreen.tsx:131:13)

  console.log
    EditProfileScreen: resolved username -> CurrentUser

      at log (src/screens/EditProfileScreen.tsx:133:13)

  console.log
    EditProfileScreen: backendUser keys -> [ 'username', 'email' ]

      at log (src/screens/EditProfileScreen.tsx:131:13)

  console.log
    EditProfileScreen: resolved username -> CurrentUser

      at log (src/screens/EditProfileScreen.tsx:133:13)

  console.log
    EditProfileScreen: backendUser keys -> [ 'username', 'email' ]

      at log (src/screens/EditProfileScreen.tsx:131:13)

  console.log
    EditProfileScreen: resolved username -> CurrentUser

      at log (src/screens/EditProfileScreen.tsx:133:13)

  console.log
    EditProfileScreen: backendUser keys -> [ 'username', 'email' ]

      at log (src/screens/EditProfileScreen.tsx:131:13)

  console.log
    EditProfileScreen: resolved username -> CurrentUser

      at log (src/screens/EditProfileScreen.tsx:133:13)

  console.log
    EditProfileScreen: backendUser keys -> [ 'username', 'email' ]

      at log (src/screens/EditProfileScreen.tsx:131:13)

  console.log
    EditProfileScreen: resolved username -> CurrentUser

      at log (src/screens/EditProfileScreen.tsx:133:13)

  console.log
    EditProfileScreen: backendUser keys -> [ 'username', 'email' ]

      at log (src/screens/EditProfileScreen.tsx:131:13)

  console.log
    EditProfileScreen: resolved username -> CurrentUser

      at log (src/screens/EditProfileScreen.tsx:133:13)

  console.log
    EditProfileScreen: backendUser keys -> [ 'username', 'email' ]

      at log (src/screens/EditProfileScreen.tsx:131:13)

  console.log
    EditProfileScreen: resolved username -> CurrentUser

      at log (src/screens/EditProfileScreen.tsx:133:13)

  console.log
    EditProfileScreen: backendUser keys -> [ 'username', 'email' ]

      at log (src/screens/EditProfileScreen.tsx:131:13)

  console.log
    EditProfileScreen: resolved username -> CurrentUser

      at log (src/screens/EditProfileScreen.tsx:133:13)

  console.log
    EditProfileScreen: backendUser keys -> [ 'username', 'email' ]

      at log (src/screens/EditProfileScreen.tsx:131:13)

  console.log
    EditProfileScreen: resolved username -> CurrentUser

      at log (src/screens/EditProfileScreen.tsx:133:13)

  console.log
    EditProfileScreen: backendUser keys -> [ 'username', 'email' ]

      at log (src/screens/EditProfileScreen.tsx:131:13)

  console.log
    EditProfileScreen: resolved username -> CurrentUser

      at log (src/screens/EditProfileScreen.tsx:133:13)

  console.log
    EditProfileScreen: backendUser keys -> [ 'username', 'email' ]

      at log (src/screens/EditProfileScreen.tsx:131:13)

  console.log
    EditProfileScreen: resolved username -> CurrentUser

      at log (src/screens/EditProfileScreen.tsx:133:13)

  console.log
    EditProfileScreen: backendUser keys -> [ 'username', 'email' ]

      at log (src/screens/EditProfileScreen.tsx:131:13)

  console.log
    EditProfileScreen: resolved username -> CurrentUser

      at log (src/screens/EditProfileScreen.tsx:133:13)

  console.log
    EditProfileScreen: backendUser keys -> [ 'username', 'email' ]

      at log (src/screens/EditProfileScreen.tsx:131:13)

  console.log
    EditProfileScreen: resolved username -> CurrentUser

      at log (src/screens/EditProfileScreen.tsx:133:13)

  console.log
    EditProfileScreen: backendUser keys -> [ 'username', 'email' ]

      at log (src/screens/EditProfileScreen.tsx:131:13)

  console.log
    EditProfileScreen: resolved username -> CurrentUser

      at log (src/screens/EditProfileScreen.tsx:133:13)

  console.log
    EditProfileScreen: backendUser keys -> [ 'username', 'email' ]

      at log (src/screens/EditProfileScreen.tsx:131:13)

  console.log
    EditProfileScreen: resolved username -> CurrentUser

      at log (src/screens/EditProfileScreen.tsx:133:13)

  console.log
    EditProfileScreen: backendUser keys -> [ 'username', 'email' ]

      at log (src/screens/EditProfileScreen.tsx:131:13)

  console.log
    EditProfileScreen: resolved username -> CurrentUser

      at log (src/screens/EditProfileScreen.tsx:133:13)

  console.log
    EditProfileScreen: backendUser keys -> [ 'username', 'email' ]

      at log (src/screens/EditProfileScreen.tsx:131:13)

  console.log
    EditProfileScreen: resolved username -> CurrentUser

      at log (src/screens/EditProfileScreen.tsx:133:13)

  console.log
    EditProfileScreen: backendUser keys -> [ 'username', 'email' ]

      at log (src/screens/EditProfileScreen.tsx:131:13)

  console.log
    EditProfileScreen: resolved username -> CurrentUser

      at log (src/screens/EditProfileScreen.tsx:133:13)

  console.log
    EditProfileScreen: backendUser keys -> [ 'username', 'email' ]

      at log (src/screens/EditProfileScreen.tsx:131:13)

  console.log
    EditProfileScreen: resolved username -> CurrentUser

      at log (src/screens/EditProfileScreen.tsx:133:13)

  console.log
    EditProfileScreen: backendUser keys -> [ 'username', 'email' ]

      at log (src/screens/EditProfileScreen.tsx:131:13)

  console.log
    EditProfileScreen: resolved username -> CurrentUser

      at log (src/screens/EditProfileScreen.tsx:133:13)

  console.log
    EditProfileScreen: backendUser keys -> [ 'username', 'email' ]

      at log (src/screens/EditProfileScreen.tsx:131:13)

  console.log
    EditProfileScreen: resolved username -> CurrentUser

      at log (src/screens/EditProfileScreen.tsx:133:13)

  console.log
    EditProfileScreen: backendUser keys -> [ 'username', 'email' ]

      at log (src/screens/EditProfileScreen.tsx:131:13)

  console.log
    EditProfileScreen: resolved username -> CurrentUser

      at log (src/screens/EditProfileScreen.tsx:133:13)

  console.log
    EditProfileScreen: backendUser keys -> [ 'username', 'email' ]

      at log (src/screens/EditProfileScreen.tsx:131:13)

  console.log
    EditProfileScreen: resolved username -> CurrentUser

      at log (src/screens/EditProfileScreen.tsx:133:13)

  console.log
    EditProfileScreen: backendUser keys -> [ 'username', 'email' ]

      at log (src/screens/EditProfileScreen.tsx:131:13)

  console.log
    EditProfileScreen: resolved username -> CurrentUser

      at log (src/screens/EditProfileScreen.tsx:133:13)

  console.log
    EditProfileScreen: backendUser keys -> [ 'username', 'email' ]

      at log (src/screens/EditProfileScreen.tsx:131:13)

  console.log
    EditProfileScreen: resolved username -> CurrentUser

      at log (src/screens/EditProfileScreen.tsx:133:13)

  console.log
    EditProfileScreen: backendUser keys -> [ 'username', 'email' ]

      at log (src/screens/EditProfileScreen.tsx:131:13)

  console.log
    EditProfileScreen: resolved username -> CurrentUser

      at log (src/screens/EditProfileScreen.tsx:133:13)

  console.log
    EditProfileScreen: backendUser keys -> [ 'username', 'email' ]

      at log (src/screens/EditProfileScreen.tsx:131:13)

  console.log
    EditProfileScreen: resolved username -> CurrentUser

      at log (src/screens/EditProfileScreen.tsx:133:13)

  console.log
    EditProfileScreen: backendUser keys -> [ 'username', 'email' ]

      at log (src/screens/EditProfileScreen.tsx:131:13)

  console.log
    EditProfileScreen: resolved username -> CurrentUser

      at log (src/screens/EditProfileScreen.tsx:133:13)

  console.log
    EditProfileScreen: backendUser keys -> [ 'username', 'email' ]

      at log (src/screens/EditProfileScreen.tsx:131:13)

  console.log
    EditProfileScreen: resolved username -> CurrentUser

      at log (src/screens/EditProfileScreen.tsx:133:13)

  console.log
    EditProfileScreen: backendUser keys -> [ 'username', 'email' ]

      at log (src/screens/EditProfileScreen.tsx:131:13)

  console.log
    EditProfileScreen: resolved username -> CurrentUser

      at log (src/screens/EditProfileScreen.tsx:133:13)

  console.log
    EditProfileScreen: backendUser keys -> [ 'username', 'email' ]

      at log (src/screens/EditProfileScreen.tsx:131:13)

  console.log
    EditProfileScreen: resolved username -> CurrentUser

      at log (src/screens/EditProfileScreen.tsx:133:13)

  console.log
    EditProfileScreen: backendUser keys -> [ 'username', 'email' ]

      at log (src/screens/EditProfileScreen.tsx:131:13)

  console.log
    EditProfileScreen: resolved username -> CurrentUser

      at log (src/screens/EditProfileScreen.tsx:133:13)

  console.log
    EditProfileScreen: backendUser keys -> [ 'username', 'email' ]

      at log (src/screens/EditProfileScreen.tsx:131:13)

  console.log
    EditProfileScreen: resolved username -> CurrentUser

      at log (src/screens/EditProfileScreen.tsx:133:13)

  console.log
    EditProfileScreen: backendUser keys -> [ 'username', 'email' ]

      at log (src/screens/EditProfileScreen.tsx:131:13)

  console.log
    EditProfileScreen: resolved username -> CurrentUser

      at log (src/screens/EditProfileScreen.tsx:133:13)

  console.log
    EditProfileScreen: backendUser keys -> [ 'username', 'email' ]

      at log (src/screens/EditProfileScreen.tsx:131:13)

  console.log
    EditProfileScreen: resolved username -> CurrentUser

      at log (src/screens/EditProfileScreen.tsx:133:13)

  console.log
    EditProfileScreen: backendUser keys -> [ 'username', 'email' ]

      at log (src/screens/EditProfileScreen.tsx:131:13)

  console.log
    EditProfileScreen: resolved username -> CurrentUser

      at log (src/screens/EditProfileScreen.tsx:133:13)

  console.log
    EditProfileScreen: backendUser keys -> [ 'username', 'email' ]

      at log (src/screens/EditProfileScreen.tsx:131:13)

  console.log
    EditProfileScreen: resolved username -> CurrentUser

      at log (src/screens/EditProfileScreen.tsx:133:13)

  console.log
    EditProfileScreen: backendUser keys -> [ 'username', 'email' ]

      at log (src/screens/EditProfileScreen.tsx:131:13)

  console.log
    EditProfileScreen: resolved username -> CurrentUser

      at log (src/screens/EditProfileScreen.tsx:133:13)

  console.log
    EditProfileScreen: backendUser keys -> [ 'username', 'email' ]

      at log (src/screens/EditProfileScreen.tsx:131:13)

  console.log
    EditProfileScreen: resolved username -> CurrentUser

      at log (src/screens/EditProfileScreen.tsx:133:13)

  console.log
    EditProfileScreen: backendUser keys -> [ 'username', 'email' ]

      at log (src/screens/EditProfileScreen.tsx:131:13)

  console.log
    EditProfileScreen: resolved username -> CurrentUser

      at log (src/screens/EditProfileScreen.tsx:133:13)

  console.log
    EditProfileScreen: backendUser keys -> [ 'username', 'email' ]

      at log (src/screens/EditProfileScreen.tsx:131:13)

  console.log
    EditProfileScreen: resolved username -> CurrentUser

      at log (src/screens/EditProfileScreen.tsx:133:13)

  console.log
    EditProfileScreen: backendUser keys -> [ 'username', 'email' ]

      at log (src/screens/EditProfileScreen.tsx:131:13)

  console.log
    EditProfileScreen: resolved username -> CurrentUser

      at log (src/screens/EditProfileScreen.tsx:133:13)

  console.log
    EditProfileScreen: backendUser keys -> [ 'username', 'email' ]

      at log (src/screens/EditProfileScreen.tsx:131:13)

  console.log
    EditProfileScreen: resolved username -> CurrentUser

      at log (src/screens/EditProfileScreen.tsx:133:13)

  console.log
    EditProfileScreen: backendUser keys -> [ 'username', 'email' ]

      at log (src/screens/EditProfileScreen.tsx:131:13)

  console.log
    EditProfileScreen: resolved username -> CurrentUser

      at log (src/screens/EditProfileScreen.tsx:133:13)

  console.log
    EditProfileScreen: backendUser keys -> [ 'username', 'email' ]

      at log (src/screens/EditProfileScreen.tsx:131:13)

  console.log
    EditProfileScreen: resolved username -> CurrentUser

      at log (src/screens/EditProfileScreen.tsx:133:13)

  console.log
    EditProfileScreen: backendUser keys -> [ 'username', 'email' ]

      at log (src/screens/EditProfileScreen.tsx:131:13)

  console.log
    EditProfileScreen: resolved username -> CurrentUser

      at log (src/screens/EditProfileScreen.tsx:133:13)

  console.log
    EditProfileScreen: backendUser keys -> [ 'username', 'email' ]

      at log (src/screens/EditProfileScreen.tsx:131:13)

  console.log
    EditProfileScreen: resolved username -> CurrentUser

      at log (src/screens/EditProfileScreen.tsx:133:13)

  console.log
    EditProfileScreen: backendUser keys -> [ 'username', 'email' ]

      at log (src/screens/EditProfileScreen.tsx:131:13)

  console.log
    EditProfileScreen: resolved username -> CurrentUser

      at log (src/screens/EditProfileScreen.tsx:133:13)

  console.log
    EditProfileScreen: backendUser keys -> [ 'username', 'email' ]

      at log (src/screens/EditProfileScreen.tsx:131:13)

  console.log
    EditProfileScreen: resolved username -> CurrentUser

      at log (src/screens/EditProfileScreen.tsx:133:13)

  console.log
    EditProfileScreen: backendUser keys -> [ 'username', 'email' ]

      at log (src/screens/EditProfileScreen.tsx:131:13)

  console.log
    EditProfileScreen: resolved username -> CurrentUser

      at log (src/screens/EditProfileScreen.tsx:133:13)

  console.log
    EditProfileScreen: backendUser keys -> [ 'username', 'email' ]

      at log (src/screens/EditProfileScreen.tsx:131:13)

  console.log
    EditProfileScreen: resolved username -> CurrentUser

      at log (src/screens/EditProfileScreen.tsx:133:13)

  console.log
    EditProfileScreen: backendUser keys -> [ 'username', 'email' ]

      at log (src/screens/EditProfileScreen.tsx:131:13)

  console.log
    EditProfileScreen: resolved username -> CurrentUser

      at log (src/screens/EditProfileScreen.tsx:133:13)

  console.log
    EditProfileScreen: backendUser keys -> [ 'username', 'email' ]

      at log (src/screens/EditProfileScreen.tsx:131:13)

  console.log
    EditProfileScreen: resolved username -> CurrentUser

      at log (src/screens/EditProfileScreen.tsx:133:13)

  console.log
    EditProfileScreen: backendUser keys -> [ 'username', 'email' ]

      at log (src/screens/EditProfileScreen.tsx:131:13)

  console.log
    EditProfileScreen: resolved username -> CurrentUser

      at log (src/screens/EditProfileScreen.tsx:133:13)

  console.log
    EditProfileScreen: backendUser keys -> [ 'username', 'email' ]

      at log (src/screens/EditProfileScreen.tsx:131:13)

  console.log
    EditProfileScreen: resolved username -> CurrentUser

      at log (src/screens/EditProfileScreen.tsx:133:13)

  console.log
    EditProfileScreen: backendUser keys -> [ 'username', 'email' ]

      at log (src/screens/EditProfileScreen.tsx:131:13)

  console.log
    EditProfileScreen: resolved username -> CurrentUser

      at log (src/screens/EditProfileScreen.tsx:133:13)

  console.log
    EditProfileScreen: backendUser keys -> [ 'username', 'email' ]

      at log (src/screens/EditProfileScreen.tsx:131:13)

  console.log
    EditProfileScreen: resolved username -> CurrentUser

      at log (src/screens/EditProfileScreen.tsx:133:13)

  console.log
    EditProfileScreen: backendUser keys -> [ 'username', 'email' ]

      at log (src/screens/EditProfileScreen.tsx:131:13)

  console.log
    EditProfileScreen: resolved username -> CurrentUser

      at log (src/screens/EditProfileScreen.tsx:133:13)

  console.log
    EditProfileScreen: backendUser keys -> [ 'username', 'email' ]

      at log (src/screens/EditProfileScreen.tsx:131:13)

  console.log
    EditProfileScreen: resolved username -> CurrentUser

      at log (src/screens/EditProfileScreen.tsx:133:13)

  console.log
    EditProfileScreen: backendUser keys -> [ 'username', 'email' ]

      at log (src/screens/EditProfileScreen.tsx:131:13)

  console.log
    EditProfileScreen: resolved username -> CurrentUser

      at log (src/screens/EditProfileScreen.tsx:133:13)

  console.log
    EditProfileScreen: backendUser keys -> [ 'username', 'email' ]

      at log (src/screens/EditProfileScreen.tsx:131:13)

  console.log
    EditProfileScreen: resolved username -> CurrentUser

      at log (src/screens/EditProfileScreen.tsx:133:13)

  console.log
    EditProfileScreen: backendUser keys -> [ 'username', 'email' ]

      at log (src/screens/EditProfileScreen.tsx:131:13)

  console.log
    EditProfileScreen: resolved username -> CurrentUser

      at log (src/screens/EditProfileScreen.tsx:133:13)

  console.log
    EditProfileScreen: backendUser keys -> [ 'username', 'email' ]

      at log (src/screens/EditProfileScreen.tsx:131:13)

  console.log
    EditProfileScreen: resolved username -> CurrentUser

      at log (src/screens/EditProfileScreen.tsx:133:13)

  console.log
    EditProfileScreen: backendUser keys -> [ 'username', 'email' ]

      at log (src/screens/EditProfileScreen.tsx:131:13)

  console.log
    EditProfileScreen: resolved username -> CurrentUser

      at log (src/screens/EditProfileScreen.tsx:133:13)

  console.log
    EditProfileScreen: backendUser keys -> [ 'username', 'email' ]

      at log (src/screens/EditProfileScreen.tsx:131:13)

  console.log
    EditProfileScreen: resolved username -> CurrentUser

      at log (src/screens/EditProfileScreen.tsx:133:13)

  console.log
    EditProfileScreen: backendUser keys -> [ 'username', 'email' ]

      at log (src/screens/EditProfileScreen.tsx:131:13)

  console.log
    EditProfileScreen: resolved username -> CurrentUser

      at log (src/screens/EditProfileScreen.tsx:133:13)

  console.log
    EditProfileScreen: backendUser keys -> [ 'username', 'email' ]

      at log (src/screens/EditProfileScreen.tsx:131:13)

  console.log
    EditProfileScreen: resolved username -> CurrentUser

      at log (src/screens/EditProfileScreen.tsx:133:13)

  console.log
    EditProfileScreen: backendUser keys -> [ 'username', 'email' ]

      at log (src/screens/EditProfileScreen.tsx:131:13)

  console.log
    EditProfileScreen: resolved username -> CurrentUser

      at log (src/screens/EditProfileScreen.tsx:133:13)

  console.log
    EditProfileScreen: backendUser keys -> [ 'username', 'email' ]

      at log (src/screens/EditProfileScreen.tsx:131:13)

  console.log
    EditProfileScreen: resolved username -> CurrentUser

      at log (src/screens/EditProfileScreen.tsx:133:13)

  console.log
    EditProfileScreen: backendUser keys -> [ 'username', 'email' ]

      at log (src/screens/EditProfileScreen.tsx:131:13)

  console.log
    EditProfileScreen: resolved username -> CurrentUser

      at log (src/screens/EditProfileScreen.tsx:133:13)

  console.log
    EditProfileScreen: backendUser keys -> [ 'username', 'email' ]

      at log (src/screens/EditProfileScreen.tsx:131:13)

  console.log
    EditProfileScreen: resolved username -> CurrentUser

      at log (src/screens/EditProfileScreen.tsx:133:13)

  console.log
    EditProfileScreen: backendUser keys -> [ 'username', 'email' ]

      at log (src/screens/EditProfileScreen.tsx:131:13)

  console.log
    EditProfileScreen: resolved username -> CurrentUser

      at log (src/screens/EditProfileScreen.tsx:133:13)

  console.log
    EditProfileScreen: backendUser keys -> [ 'username', 'email' ]

      at log (src/screens/EditProfileScreen.tsx:131:13)

  console.log
    EditProfileScreen: resolved username -> CurrentUser

      at log (src/screens/EditProfileScreen.tsx:133:13)

  console.log
    EditProfileScreen: backendUser keys -> [ 'username', 'email' ]

      at log (src/screens/EditProfileScreen.tsx:131:13)

  console.log
    EditProfileScreen: resolved username -> CurrentUser

      at log (src/screens/EditProfileScreen.tsx:133:13)

  console.log
    EditProfileScreen: backendUser keys -> [ 'username', 'email' ]

      at log (src/screens/EditProfileScreen.tsx:131:13)

  console.log
    EditProfileScreen: resolved username -> CurrentUser

      at log (src/screens/EditProfileScreen.tsx:133:13)

  console.log
    EditProfileScreen: backendUser keys -> [ 'username', 'email' ]

      at log (src/screens/EditProfileScreen.tsx:131:13)

  console.log
    EditProfileScreen: resolved username -> CurrentUser

      at log (src/screens/EditProfileScreen.tsx:133:13)

  console.log
    EditProfileScreen: backendUser keys -> [ 'username', 'email' ]

      at log (src/screens/EditProfileScreen.tsx:131:13)

  console.log
    EditProfileScreen: resolved username -> CurrentUser

      at log (src/screens/EditProfileScreen.tsx:133:13)

  console.log
    EditProfileScreen: backendUser keys -> [ 'username', 'email' ]

      at log (src/screens/EditProfileScreen.tsx:131:13)

  console.log
    EditProfileScreen: resolved username -> CurrentUser

      at log (src/screens/EditProfileScreen.tsx:133:13)

  console.log
    EditProfileScreen: backendUser keys -> [ 'username', 'email' ]

      at log (src/screens/EditProfileScreen.tsx:131:13)

  console.log
    EditProfileScreen: resolved username -> CurrentUser

      at log (src/screens/EditProfileScreen.tsx:133:13)

  console.log
    EditProfileScreen: backendUser keys -> [ 'username', 'email' ]

      at log (src/screens/EditProfileScreen.tsx:131:13)

  console.log
    EditProfileScreen: resolved username -> CurrentUser

      at log (src/screens/EditProfileScreen.tsx:133:13)

  console.log
    EditProfileScreen: backendUser keys -> [ 'username', 'email' ]

      at log (src/screens/EditProfileScreen.tsx:131:13)

  console.log
    EditProfileScreen: resolved username -> CurrentUser

      at log (src/screens/EditProfileScreen.tsx:133:13)

  console.log
    EditProfileScreen: backendUser keys -> [ 'username', 'email' ]

      at log (src/screens/EditProfileScreen.tsx:131:13)

  console.log
    EditProfileScreen: resolved username -> CurrentUser

      at log (src/screens/EditProfileScreen.tsx:133:13)

  console.log
    EditProfileScreen: backendUser keys -> [ 'username', 'email' ]

      at log (src/screens/EditProfileScreen.tsx:131:13)

  console.log
    EditProfileScreen: resolved username -> CurrentUser

      at log (src/screens/EditProfileScreen.tsx:133:13)

  console.log
    EditProfileScreen: backendUser keys -> [ 'username', 'email' ]

      at log (src/screens/EditProfileScreen.tsx:131:13)

  console.log
    EditProfileScreen: resolved username -> CurrentUser

      at log (src/screens/EditProfileScreen.tsx:133:13)

  console.log
    EditProfileScreen: backendUser keys -> [ 'username', 'email' ]

      at log (src/screens/EditProfileScreen.tsx:131:13)

  console.log
    EditProfileScreen: resolved username -> CurrentUser

      at log (src/screens/EditProfileScreen.tsx:133:13)

  console.log
    EditProfileScreen: backendUser keys -> [ 'username', 'email' ]

      at log (src/screens/EditProfileScreen.tsx:131:13)

  console.log
    EditProfileScreen: resolved username -> CurrentUser

      at log (src/screens/EditProfileScreen.tsx:133:13)

  console.log
    EditProfileScreen: backendUser keys -> [ 'username', 'email' ]

      at log (src/screens/EditProfileScreen.tsx:131:13)

  console.log
    EditProfileScreen: resolved username -> CurrentUser

      at log (src/screens/EditProfileScreen.tsx:133:13)

  console.log
    EditProfileScreen: backendUser keys -> [ 'username', 'email' ]

      at log (src/screens/EditProfileScreen.tsx:131:13)

  console.log
    EditProfileScreen: resolved username -> CurrentUser

      at log (src/screens/EditProfileScreen.tsx:133:13)

  console.log
    EditProfileScreen: backendUser keys -> [ 'username', 'email' ]

      at log (src/screens/EditProfileScreen.tsx:131:13)

  console.log
    EditProfileScreen: resolved username -> CurrentUser

      at log (src/screens/EditProfileScreen.tsx:133:13)

  console.log
    EditProfileScreen: backendUser keys -> [ 'username', 'email' ]

      at log (src/screens/EditProfileScreen.tsx:131:13)

  console.log
    EditProfileScreen: resolved username -> CurrentUser

      at log (src/screens/EditProfileScreen.tsx:133:13)

  console.log
    EditProfileScreen: backendUser keys -> [ 'username', 'email' ]

      at log (src/screens/EditProfileScreen.tsx:131:13)

  console.log
    EditProfileScreen: resolved username -> CurrentUser

      at log (src/screens/EditProfileScreen.tsx:133:13)

  console.log
    EditProfileScreen: backendUser keys -> [ 'username', 'email' ]

      at log (src/screens/EditProfileScreen.tsx:131:13)

  console.log
    EditProfileScreen: resolved username -> CurrentUser

      at log (src/screens/EditProfileScreen.tsx:133:13)

  console.log
    EditProfileScreen: backendUser keys -> [ 'username', 'email' ]

      at log (src/screens/EditProfileScreen.tsx:131:13)

  console.log
    EditProfileScreen: resolved username -> CurrentUser

      at log (src/screens/EditProfileScreen.tsx:133:13)

  console.log
    EditProfileScreen: backendUser keys -> [ 'username', 'email' ]

      at log (src/screens/EditProfileScreen.tsx:131:13)

  console.log
    EditProfileScreen: resolved username -> CurrentUser

      at log (src/screens/EditProfileScreen.tsx:133:13)

  console.log
    EditProfileScreen: backendUser keys -> [ 'username', 'email' ]

      at log (src/screens/EditProfileScreen.tsx:131:13)

  console.log
    EditProfileScreen: resolved username -> CurrentUser

      at log (src/screens/EditProfileScreen.tsx:133:13)

  console.log
    EditProfileScreen: backendUser keys -> [ 'username', 'email' ]

      at log (src/screens/EditProfileScreen.tsx:131:13)

  console.log
    EditProfileScreen: resolved username -> CurrentUser

      at log (src/screens/EditProfileScreen.tsx:133:13)

  console.log
    EditProfileScreen: backendUser keys -> [ 'username', 'email' ]

      at log (src/screens/EditProfileScreen.tsx:131:13)

  console.log
    EditProfileScreen: resolved username -> CurrentUser

      at log (src/screens/EditProfileScreen.tsx:133:13)

  console.log
    EditProfileScreen: backendUser keys -> [ 'username', 'email' ]

      at log (src/screens/EditProfileScreen.tsx:131:13)

  console.log
    EditProfileScreen: resolved username -> CurrentUser

      at log (src/screens/EditProfileScreen.tsx:133:13)

  console.log
    EditProfileScreen: backendUser keys -> [ 'username', 'email' ]

      at log (src/screens/EditProfileScreen.tsx:131:13)

  console.log
    EditProfileScreen: resolved username -> CurrentUser

      at log (src/screens/EditProfileScreen.tsx:133:13)

  console.log
    EditProfileScreen: backendUser keys -> [ 'username', 'email' ]

      at log (src/screens/EditProfileScreen.tsx:131:13)

  console.log
    EditProfileScreen: resolved username -> CurrentUser

      at log (src/screens/EditProfileScreen.tsx:133:13)

  console.log
    EditProfileScreen: backendUser keys -> [ 'username', 'email' ]

      at log (src/screens/EditProfileScreen.tsx:131:13)

  console.log
    EditProfileScreen: resolved username -> CurrentUser

      at log (src/screens/EditProfileScreen.tsx:133:13)

  console.log
    EditProfileScreen: backendUser keys -> [ 'username', 'email' ]

      at log (src/screens/EditProfileScreen.tsx:131:13)

  console.log
    EditProfileScreen: resolved username -> CurrentUser

      at log (src/screens/EditProfileScreen.tsx:133:13)

  console.log
    EditProfileScreen: backendUser keys -> [ 'username', 'email' ]

      at log (src/screens/EditProfileScreen.tsx:131:13)

  console.log
    EditProfileScreen: resolved username -> CurrentUser

      at log (src/screens/EditProfileScreen.tsx:133:13)

  console.log
    EditProfileScreen: backendUser keys -> []

      at log (src/screens/EditProfileScreen.tsx:131:13)

  console.log
    EditProfileScreen: resolved username -> FirebaseUser

      at log (src/screens/EditProfileScreen.tsx:133:13)

  console.log
    EditProfileScreen: backendUser keys -> []

      at log (src/screens/EditProfileScreen.tsx:131:13)

  console.log
    EditProfileScreen: resolved username ->

      at log (src/screens/EditProfileScreen.tsx:133:13)

  console.log
    EditProfileScreen: backendUser keys -> []

      at log (src/screens/EditProfileScreen.tsx:131:13)

  console.log
    EditProfileScreen: resolved username ->

      at log (src/screens/EditProfileScreen.tsx:133:13)

  console.log
    EditProfileScreen: backendUser keys -> []

      at log (src/screens/EditProfileScreen.tsx:131:13)

  console.log
    EditProfileScreen: resolved username ->

      at log (src/screens/EditProfileScreen.tsx:133:13)

FAIL src/__tests__/integration/screens/EditProfileScreen.integration.test.tsx (11.113 s)
  EditProfileScreen - Tests d'integr├│
    Renderitzaci├│ inicial
      ÔêÜ hauria de renderitzar la pantalla correctament (428 ms)
      ÔêÜ hauria de carregar l'username actual (40 ms)
      ÔêÜ hauria de tenir el bot├│ desactivat amb l'username inicial (22 ms)
      ÔêÜ hauria de mostrar el bot├│ back (20 ms)
    Validaci├│ d'username
      ├ù hauria de mostrar common.error si l'username est├á buit (1051 ms)
      ├ù hauria de mostrar common.error si l'username ├®s massa curt (1062 ms)
      ├ù hauria de mostrar common.error si l'username ├®s massa llarg (1063 ms)
      ÔêÜ no hauria de mostrar common.error amb un username v├álid (49 ms)
      ÔêÜ hauria d'acceptar username amb 2 car├ácters (m├¡nim) (47 ms)
      ÔêÜ hauria d'acceptar username amb 20 car├ácters (m├áxim) (47 ms)
    Flux complet d'actualitzaci├│
      ├ù hauria d'actualitzar l'username correctament (1085 ms)
      ├ù hauria de mostrar missatge d'├¿xit despr├®s d'actualitzar (1075 ms)
      ├ù hauria de navegar a Settings despr├®s de l'├¿xit (1065 ms)
      ├ù no hauria de permetre enviar sense canvis (23 ms)
      ├ù hauria d'activar el bot├│ quan hi ha canvis v├álids (23 ms)
    Gesti├│ d'common.errors
      ÔêÜ hauria de gestionar common.errors de xarxa (65 ms)
      ÔêÜ hauria de gestionar username ja en ├║s (61 ms)
      ÔêÜ hauria de gestionar common.errors gen├¿rics (64 ms)
    Navegaci├│
      ÔêÜ hauria de tornar a Settings amb el bot├│ back (44 ms)
      ÔêÜ hauria de netejar els camps quan torna enrere (67 ms)
    Estat de c├árrega
      ÔêÜ hauria de deshabilitar el bot├│ durant la c├árrega (48 ms)
      ÔêÜ hauria de deshabilitar l'input durant la c├árrega (49 ms)
    Casos l├¡mit
      ÔêÜ hauria de gestionar espais en blanc (42 ms)
      ├ù hauria de gestionar nom├®s espais (1053 ms)
      ÔêÜ hauria de capitalitzar autom├áticament l'username (19 ms)
      ÔêÜ hauria de desactivar l'autocorrecci├│ (18 ms)
    Fonts de dades d'usuari
      ÔêÜ hauria de carregar des del backendUser si est├á disponible (20 ms)
      ÔêÜ hauria de carregar des de Firebase si backendUser no t├® username (15 ms)
      ÔêÜ hauria de gestionar usuari sense nom (17 ms)
    Validaci├│ en temps real
      ├ù hauria de validar mentre l'usuari escriu (1018 ms)
      ├ù hauria d'actualitzar l'estat del bot├│ en temps real (12 ms)

  ÔùÅ EditProfileScreen - Tests d'integr├│ ÔÇ║ Validaci├│ d'username ÔÇ║ hauria de mostrar common.error si l'username 
est├á buit

    Unable to find an element with text: El username-input ├®s obligatori

    [36m<RNCSafeAreaProvider>[39m
      [36m<View>[39m
        [36m<View>[39m
          [36m<RNCSafeAreaView />[39m
          [36m<View>[39m
            [36m<View[39m
              [33maccessible[39m=[32m{true}[39m
              [33mtestID[39m=[32m"back-button"[39m
            [36m>[39m
              [36m<BackIcon />[39m
            [36m</View>[39m
            [36m<Text>[39m
              [0meditProfile.title[0m
            [36m</Text>[39m
          [36m</View>[39m
        [36m</View>[39m
        [36m<RCTScrollView>[39m
          [36m<View>[39m
            [36m<View>[39m
              [36m<View>[39m
                [36m<Text>[39m
                  [0meditProfile.usernamePlaceholder[0m
                [36m</Text>[39m
                [36m<TextInput[39m
                  [33meditable[39m=[32m{true}[39m
                  [33mplaceholder[39m=[32m"editProfile.usernamePlaceholder"[39m
                  [33mtestID[39m=[32m"username-input"[39m
                  [33mvalue[39m=[32m"CurrentUser"[39m
                [36m/>[39m
              [36m</View>[39m
              [36m<View[39m
                [33maccessibilityState[39m=[32m{
                  {
                    "disabled": false,
                  }
                }[39m
                [33maccessible[39m=[32m{true}[39m
                [33mtestID[39m=[32m"submit-button"[39m
              [36m>[39m
                [36m<View>[39m
                  [36m<View />[39m
                  [36m<Text>[39m
                    [0meditProfile.saveButton[0m
                  [36m</Text>[39m
                [36m</View>[39m
              [36m</View>[39m
            [36m</View>[39m
          [36m</View>[39m
        [36m</RCTScrollView>[39m
      [36m</View>[39m
    [36m</RNCSafeAreaProvider>[39m

    [0m [90m 116 |[39m       fireEvent[33m.[39mchangeText(usernameInput[33m,[39m [32m''[39m)[33m;[39m
     [90m 117 |[39m
    [31m[1m>[22m[39m[90m 118 |[39m       [36mawait[39m waitFor(() [33m=>[39m {
     [90m     |[39m                    [31m[1m^[22m[39m
     [90m 119 |[39m         expect(getByText([32m'El username-input ├®s 
obligatori'[39m))[33m.[39mtoBeTruthy()[33m;[39m
     [90m 120 |[39m       })[33m;[39m
     [90m 121 |[39m     })[33m;[39m[0m

      at Object.<anonymous> (src/__tests__/integration/screens/EditProfileScreen.integration.test.tsx:118:20)
      at asyncGeneratorStep (node_modules/@babel/runtime/helpers/asyncToGenerator.js:3:17)
      at _next (node_modules/@babel/runtime/helpers/asyncToGenerator.js:17:9)
      at node_modules/@babel/runtime/helpers/asyncToGenerator.js:22:7
      at Object.<anonymous> (node_modules/@babel/runtime/helpers/asyncToGenerator.js:14:12)

  ÔùÅ EditProfileScreen - Tests d'integr├│ ÔÇ║ Validaci├│ d'username ÔÇ║ hauria de mostrar common.error si l'username 
├®s massa curt

    Unable to find an element with text: El username-input ha de tenir entre 2 i 20 car├ácters

    [36m<RNCSafeAreaProvider>[39m
      [36m<View>[39m
        [36m<View>[39m
          [36m<RNCSafeAreaView />[39m
          [36m<View>[39m
            [36m<View[39m
              [33maccessible[39m=[32m{true}[39m
              [33mtestID[39m=[32m"back-button"[39m
            [36m>[39m
              [36m<BackIcon />[39m
            [36m</View>[39m
            [36m<Text>[39m
              [0meditProfile.title[0m
            [36m</Text>[39m
          [36m</View>[39m
        [36m</View>[39m
        [36m<RCTScrollView>[39m
          [36m<View>[39m
            [36m<View>[39m
              [36m<View>[39m
                [36m<Text>[39m
                  [0meditProfile.usernamePlaceholder[0m
                [36m</Text>[39m
                [36m<TextInput[39m
                  [33meditable[39m=[32m{true}[39m
                  [33mplaceholder[39m=[32m"editProfile.usernamePlaceholder"[39m
                  [33mtestID[39m=[32m"username-input"[39m
                  [33mvalue[39m=[32m"CurrentUser"[39m
                [36m/>[39m
              [36m</View>[39m
              [36m<View[39m
                [33maccessibilityState[39m=[32m{
                  {
                    "disabled": false,
                  }
                }[39m
                [33maccessible[39m=[32m{true}[39m
                [33mtestID[39m=[32m"submit-button"[39m
              [36m>[39m
                [36m<View>[39m
                  [36m<View />[39m
                  [36m<Text>[39m
                    [0meditProfile.saveButton[0m
                  [36m</Text>[39m
                [36m</View>[39m
              [36m</View>[39m
            [36m</View>[39m
          [36m</View>[39m
        [36m</RCTScrollView>[39m
      [36m</View>[39m
    [36m</RNCSafeAreaProvider>[39m

    [0m [90m 127 |[39m       fireEvent[33m.[39mchangeText(usernameInput[33m,[39m [32m'a'[39m)[33m;[39m
     [90m 128 |[39m
    [31m[1m>[22m[39m[90m 129 |[39m       [36mawait[39m waitFor(() [33m=>[39m {
     [90m     |[39m                    [31m[1m^[22m[39m
     [90m 130 |[39m         expect(getByText([32m'El username-input ha de tenir entre 2 i 20 
car├ácters'[39m))[33m.[39mtoBeTruthy()[33m;[39m
     [90m 131 |[39m       })[33m;[39m
     [90m 132 |[39m     })[33m;[39m[0m

      at Object.<anonymous> (src/__tests__/integration/screens/EditProfileScreen.integration.test.tsx:129:20)
      at asyncGeneratorStep (node_modules/@babel/runtime/helpers/asyncToGenerator.js:3:17)
      at _next (node_modules/@babel/runtime/helpers/asyncToGenerator.js:17:9)
      at node_modules/@babel/runtime/helpers/asyncToGenerator.js:22:7
      at Object.<anonymous> (node_modules/@babel/runtime/helpers/asyncToGenerator.js:14:12)

  ÔùÅ EditProfileScreen - Tests d'integr├│ ÔÇ║ Validaci├│ d'username ÔÇ║ hauria de mostrar common.error si l'username 
├®s massa llarg

    Unable to find an element with text: El username-input ha de tenir entre 2 i 20 car├ácters

    [36m<RNCSafeAreaProvider>[39m
      [36m<View>[39m
        [36m<View>[39m
          [36m<RNCSafeAreaView />[39m
          [36m<View>[39m
            [36m<View[39m
              [33maccessible[39m=[32m{true}[39m
              [33mtestID[39m=[32m"back-button"[39m
            [36m>[39m
              [36m<BackIcon />[39m
            [36m</View>[39m
            [36m<Text>[39m
              [0meditProfile.title[0m
            [36m</Text>[39m
          [36m</View>[39m
        [36m</View>[39m
        [36m<RCTScrollView>[39m
          [36m<View>[39m
            [36m<View>[39m
              [36m<View>[39m
                [36m<Text>[39m
                  [0meditProfile.usernamePlaceholder[0m
                [36m</Text>[39m
                [36m<TextInput[39m
                  [33meditable[39m=[32m{true}[39m
                  [33mplaceholder[39m=[32m"editProfile.usernamePlaceholder"[39m
                  [33mtestID[39m=[32m"username-input"[39m
                  [33mvalue[39m=[32m"CurrentUser"[39m
                [36m/>[39m
              [36m</View>[39m
              [36m<View[39m
                [33maccessibilityState[39m=[32m{
                  {
                    "disabled": false,
                  }
                }[39m
                [33maccessible[39m=[32m{true}[39m
                [33mtestID[39m=[32m"submit-button"[39m
              [36m>[39m
                [36m<View>[39m
                  [36m<View />[39m
                  [36m<Text>[39m
                    [0meditProfile.saveButton[0m
                  [36m</Text>[39m
                [36m</View>[39m
              [36m</View>[39m
            [36m</View>[39m
          [36m</View>[39m
        [36m</RCTScrollView>[39m
      [36m</View>[39m
    [36m</RNCSafeAreaProvider>[39m

    [0m [90m 138 |[39m       fireEvent[33m.[39mchangeText(usernameInput[33m,[39m 
[32m'a'[39m[33m.[39mrepeat([35m21[39m))[33m;[39m
     [90m 139 |[39m
    [31m[1m>[22m[39m[90m 140 |[39m       [36mawait[39m waitFor(() [33m=>[39m {
     [90m     |[39m                    [31m[1m^[22m[39m
     [90m 141 |[39m         expect(getByText([32m'El username-input ha de tenir entre 2 i 20 
car├ácters'[39m))[33m.[39mtoBeTruthy()[33m;[39m
     [90m 142 |[39m       })[33m;[39m
     [90m 143 |[39m     })[33m;[39m[0m

      at Object.<anonymous> (src/__tests__/integration/screens/EditProfileScreen.integration.test.tsx:140:20)
      at asyncGeneratorStep (node_modules/@babel/runtime/helpers/asyncToGenerator.js:3:17)
      at _next (node_modules/@babel/runtime/helpers/asyncToGenerator.js:17:9)
      at node_modules/@babel/runtime/helpers/asyncToGenerator.js:22:7
      at Object.<anonymous> (node_modules/@babel/runtime/helpers/asyncToGenerator.js:14:12)

  ÔùÅ EditProfileScreen - Tests d'integr├│ ÔÇ║ Flux complet d'actualitzaci├│ ÔÇ║ hauria d'actualitzar l'username 
correctament

    expect(jest.fn()).toHaveBeenCalledWith(...expected)

    Expected: "NewUsername"
    Received: "CurrentUser"

    Number of calls: 1

    [0m [90m 192 |[39m       })[33m;[39m
     [90m 193 |[39m
    [31m[1m>[22m[39m[90m 194 |[39m       [36mawait[39m waitFor(() [33m=>[39m {
     [90m     |[39m                    [31m[1m^[22m[39m
     [90m 195 |[39m         
expect(mockUpdateUsername)[33m.[39mtoHaveBeenCalledWith([32m'NewUsername'[39m)[33m;[39m
     [90m 196 |[39m       })[33m;[39m
     [90m 197 |[39m     })[33m;[39m[0m

      at Object.<anonymous> (src/__tests__/integration/screens/EditProfileScreen.integration.test.tsx:194:20)
      at asyncGeneratorStep (node_modules/@babel/runtime/helpers/asyncToGenerator.js:3:17)
      at _next (node_modules/@babel/runtime/helpers/asyncToGenerator.js:17:9)

  ÔùÅ EditProfileScreen - Tests d'integr├│ ÔÇ║ Flux complet d'actualitzaci├│ ÔÇ║ hauria de mostrar missatge d'├¿xit 
despr├®s d'actualitzar

    expect(jest.fn()).toHaveBeenCalledWith(...expected)

    Expected: "├êxit", "username-input actualitzat correctament", Any<Array>

    Number of calls: 0

    [0m [90m 208 |[39m       })[33m;[39m
     [90m 209 |[39m
    [31m[1m>[22m[39m[90m 210 |[39m       [36mawait[39m waitFor(() [33m=>[39m {
     [90m     |[39m                    [31m[1m^[22m[39m
     [90m 211 |[39m         expect(mockShowAlert)[33m.[39mtoHaveBeenCalledWith(
     [90m 212 |[39m           [32m'├êxit'[39m[33m,[39m
     [90m 213 |[39m           [32m'username-input actualitzat correctament'[39m[33m,[39m[0m

      at Object.<anonymous> (src/__tests__/integration/screens/EditProfileScreen.integration.test.tsx:210:20)
      at asyncGeneratorStep (node_modules/@babel/runtime/helpers/asyncToGenerator.js:3:17)
      at _next (node_modules/@babel/runtime/helpers/asyncToGenerator.js:17:9)

  ÔùÅ EditProfileScreen - Tests d'integr├│ ÔÇ║ Flux complet d'actualitzaci├│ ÔÇ║ hauria de navegar a Settings despr├®s 
de l'├¿xit

    Cannot read properties of undefined (reading '2')

    [0m [90m 228 |[39m       })[33m;[39m
     [90m 229 |[39m
    [31m[1m>[22m[39m[90m 230 |[39m       [36mawait[39m waitFor(() [33m=>[39m {
     [90m     |[39m                    [31m[1m^[22m[39m
     [90m 231 |[39m         [36mconst[39m alertButtons [33m=[39m 
mockShowAlert[33m.[39mmock[33m.[39mcalls[[35m0[39m][[35m2[39m][33m;[39m
     [90m 232 |[39m         [36mconst[39m closeButton [33m=[39m alertButtons[33m.[39mfind((btn[33m:[39m any) 
[33m=>[39m btn[33m.[39mtext [33m===[39m [32m'common.close'[39m)[33m;[39m
     [90m 233 |[39m         closeButton[33m.[39monPress()[33m;[39m[0m

      at Object.<anonymous> (src/__tests__/integration/screens/EditProfileScreen.integration.test.tsx:230:20)
      at asyncGeneratorStep (node_modules/@babel/runtime/helpers/asyncToGenerator.js:3:17)
      at _next (node_modules/@babel/runtime/helpers/asyncToGenerator.js:17:9)

  ÔùÅ EditProfileScreen - Tests d'integr├│ ÔÇ║ Flux complet d'actualitzaci├│ ÔÇ║ no hauria de permetre enviar sense 
canvis

    expect(received).toBe(expected) // Object.is equality

    Expected: true
    Received: false

    [0m [90m 241 |[39m
     [90m 242 |[39m       [36mconst[39m button [33m=[39m getByTestId([32m'submit-button'[39m)[33m;[39m
    [31m[1m>[22m[39m[90m 243 |[39m       
expect(button[33m.[39mprops[33m.[39maccessibilityState[33m.[39mdisabled)[33m.[39mtoBe([36mtrue[39m)[33m;[39m
     [90m     |[39m                                                        [31m[1m^[22m[39m
     [90m 244 |[39m     })[33m;[39m
     [90m 245 |[39m
     [90m 246 |[39m     it([32m'hauria d\'activar el bot├│ quan hi ha canvis v├álids'[39m[33m,[39m [36masync[39m 
() [33m=>[39m {[0m

      at Object.toBe (src/__tests__/integration/screens/EditProfileScreen.integration.test.tsx:243:56)

  ÔùÅ EditProfileScreen - Tests d'integr├│ ÔÇ║ Flux complet d'actualitzaci├│ ÔÇ║ hauria d'activar el bot├│ quan hi ha 
canvis v├álids

    expect(received).toBe(expected) // Object.is equality

    Expected: true
    Received: false

    [0m [90m 248 |[39m
     [90m 249 |[39m       [36mconst[39m button [33m=[39m getByTestId([32m'submit-button'[39m)[33m;[39m
    [31m[1m>[22m[39m[90m 250 |[39m       
expect(button[33m.[39mprops[33m.[39maccessibilityState[33m.[39mdisabled)[33m.[39mtoBe([36mtrue[39m)[33m;[39m
     [90m     |[39m                                                        [31m[1m^[22m[39m
     [90m 251 |[39m
     [90m 252 |[39m       fireEvent[33m.[39mchangeText(getByTestId([32m'username-input'[39m)[33m,[39m 
[32m'NewUsername'[39m)[33m;[39m
     [90m 253 |[39m[0m

      at Object.toBe (src/__tests__/integration/screens/EditProfileScreen.integration.test.tsx:250:56)
      at asyncGeneratorStep (node_modules/@babel/runtime/helpers/asyncToGenerator.js:3:17)
      at _next (node_modules/@babel/runtime/helpers/asyncToGenerator.js:17:9)
      at node_modules/@babel/runtime/helpers/asyncToGenerator.js:22:7
      at Object.<anonymous> (node_modules/@babel/runtime/helpers/asyncToGenerator.js:14:12)

  ÔùÅ EditProfileScreen - Tests d'integr├│ ÔÇ║ Casos l├¡mit ÔÇ║ hauria de gestionar nom├®s espais

    Unable to find an element with text: El username-input ├®s obligatori

    [36m<RNCSafeAreaProvider>[39m
      [36m<View>[39m
        [36m<View>[39m
          [36m<RNCSafeAreaView />[39m
          [36m<View>[39m
            [36m<View[39m
              [33maccessible[39m=[32m{true}[39m
              [33mtestID[39m=[32m"back-button"[39m
            [36m>[39m
              [36m<BackIcon />[39m
            [36m</View>[39m
            [36m<Text>[39m
              [0meditProfile.title[0m
            [36m</Text>[39m
          [36m</View>[39m
        [36m</View>[39m
        [36m<RCTScrollView>[39m
          [36m<View>[39m
            [36m<View>[39m
              [36m<View>[39m
                [36m<Text>[39m
                  [0meditProfile.usernamePlaceholder[0m
                [36m</Text>[39m
                [36m<TextInput[39m
                  [33meditable[39m=[32m{true}[39m
                  [33mplaceholder[39m=[32m"editProfile.usernamePlaceholder"[39m
                  [33mtestID[39m=[32m"username-input"[39m
                  [33mvalue[39m=[32m"CurrentUser"[39m
                [36m/>[39m
              [36m</View>[39m
              [36m<View[39m
                [33maccessibilityState[39m=[32m{
                  {
                    "disabled": false,
                  }
                }[39m
                [33maccessible[39m=[32m{true}[39m
                [33mtestID[39m=[32m"submit-button"[39m
              [36m>[39m
                [36m<View>[39m
                  [36m<View />[39m
                  [36m<Text>[39m
                    [0meditProfile.saveButton[0m
                  [36m</Text>[39m
                [36m</View>[39m
              [36m</View>[39m
            [36m</View>[39m
          [36m</View>[39m
        [36m</RCTScrollView>[39m
      [36m</View>[39m
    [36m</RNCSafeAreaProvider>[39m

    [0m [90m 390 |[39m       fireEvent[33m.[39mchangeText(usernameInput[33m,[39m [32m'     '[39m)[33m;[39m
     [90m 391 |[39m
    [31m[1m>[22m[39m[90m 392 |[39m       [36mawait[39m waitFor(() [33m=>[39m {
     [90m     |[39m                    [31m[1m^[22m[39m
     [90m 393 |[39m         expect(getByText([32m'El username-input ├®s 
obligatori'[39m))[33m.[39mtoBeTruthy()[33m;[39m
     [90m 394 |[39m       })[33m;[39m
     [90m 395 |[39m     })[33m;[39m[0m

      at Object.<anonymous> (src/__tests__/integration/screens/EditProfileScreen.integration.test.tsx:392:20)
      at asyncGeneratorStep (node_modules/@babel/runtime/helpers/asyncToGenerator.js:3:17)
      at _next (node_modules/@babel/runtime/helpers/asyncToGenerator.js:17:9)
      at node_modules/@babel/runtime/helpers/asyncToGenerator.js:22:7
      at Object.<anonymous> (node_modules/@babel/runtime/helpers/asyncToGenerator.js:14:12)

  ÔùÅ EditProfileScreen - Tests d'integr├│ ÔÇ║ Validaci├│ en temps real ÔÇ║ hauria de validar mentre l'usuari escriu

    Unable to find an element with text: El username-input ha de tenir entre 2 i 20 car├ácters

    [36m<RNCSafeAreaProvider>[39m
      [36m<View>[39m
        [36m<View>[39m
          [36m<RNCSafeAreaView />[39m
          [36m<View>[39m
            [36m<View[39m
              [33maccessible[39m=[32m{true}[39m
              [33mtestID[39m=[32m"back-button"[39m
            [36m>[39m
              [36m<BackIcon />[39m
            [36m</View>[39m
            [36m<Text>[39m
              [0meditProfile.title[0m
            [36m</Text>[39m
          [36m</View>[39m
        [36m</View>[39m
        [36m<RCTScrollView>[39m
          [36m<View>[39m
            [36m<View>[39m
              [36m<View>[39m
                [36m<Text>[39m
                  [0meditProfile.usernamePlaceholder[0m
                [36m</Text>[39m
                [36m<TextInput[39m
                  [33meditable[39m=[32m{true}[39m
                  [33mplaceholder[39m=[32m"editProfile.usernamePlaceholder"[39m
                  [33mtestID[39m=[32m"username-input"[39m
                  [33mvalue[39m=[32m"a"[39m
                [36m/>[39m
                [36m<Text>[39m
                  [0meditProfile.errors.invalidUsername[0m
                [36m</Text>[39m
              [36m</View>[39m
              [36m<View[39m
                [33maccessibilityState[39m=[32m{
                  {
                    "disabled": true,
                  }
                }[39m
                [33maccessible[39m=[32m{true}[39m
                [33mtestID[39m=[32m"submit-button"[39m
              [36m>[39m
                [36m<View>[39m
                  [36m<View />[39m
                  [36m<Text>[39m
                    [0meditProfile.saveButton[0m
                  [36m</Text>[39m
                [36m</View>[39m
              [36m</View>[39m
            [36m</View>[39m
          [36m</View>[39m
        [36m</RCTScrollView>[39m
      [36m</View>[39m
    [36m</RNCSafeAreaProvider>[39m

    [0m [90m 456 |[39m       fireEvent[33m.[39mchangeText(usernameInput[33m,[39m [32m'a'[39m)[33m;[39m
     [90m 457 |[39m
    [31m[1m>[22m[39m[90m 458 |[39m       [36mawait[39m waitFor(() [33m=>[39m {
     [90m     |[39m                    [31m[1m^[22m[39m
     [90m 459 |[39m         expect(getByText([32m'El username-input ha de tenir entre 2 i 20 
car├ácters'[39m))[33m.[39mtoBeTruthy()[33m;[39m
     [90m 460 |[39m       })[33m;[39m
     [90m 461 |[39m[0m

      at Object.<anonymous> (src/__tests__/integration/screens/EditProfileScreen.integration.test.tsx:458:20)
      at asyncGeneratorStep (node_modules/@babel/runtime/helpers/asyncToGenerator.js:3:17)
      at _next (node_modules/@babel/runtime/helpers/asyncToGenerator.js:17:9)
      at node_modules/@babel/runtime/helpers/asyncToGenerator.js:22:7
      at Object.<anonymous> (node_modules/@babel/runtime/helpers/asyncToGenerator.js:14:12)

  ÔùÅ EditProfileScreen - Tests d'integr├│ ÔÇ║ Validaci├│ en temps real ÔÇ║ hauria d'actualitzar l'estat del bot├│ en 
temps real

    expect(received).toBe(expected) // Object.is equality

    Expected: false
    Received: true

    [0m [90m 472 |[39m
     [90m 473 |[39m       [36mconst[39m button [33m=[39m getByTestId([32m'submit-button'[39m)[33m;[39m
    [31m[1m>[22m[39m[90m 474 |[39m       
expect(button[33m.[39mprops[33m.[39maccessibilityState[33m.[39mdisabled)[33m.[39mtoBe([36mfalse[39m)[33m;[39m
     [90m     |[39m                                                        [31m[1m^[22m[39m
     [90m 475 |[39m
     [90m 476 |[39m       [90m// Username inv├álid[39m
     [90m 477 |[39m       fireEvent[33m.[39mchangeText(getByTestId([32m'username-input'[39m)[33m,[39m 
[32m'a'[39m)[33m;[39m[0m

      at Object.toBe (src/__tests__/integration/screens/EditProfileScreen.integration.test.tsx:474:56)
      at asyncGeneratorStep (node_modules/@babel/runtime/helpers/asyncToGenerator.js:3:17)
      at _next (node_modules/@babel/runtime/helpers/asyncToGenerator.js:17:9)
      at node_modules/@babel/runtime/helpers/asyncToGenerator.js:22:7
      at Object.<anonymous> (node_modules/@babel/runtime/helpers/asyncToGenerator.js:14:12)

Test Suites: 1 failed, 1 total
Tests:       11 failed, 20 passed, 31 total
Snapshots:   0 total
Time:        11.274 s, estimated 12 s
Ran all test suites matching .\src\__tests__\integration\screens\EditProfileScreen.integration.test.tsx.
npm verbose cwd C:\Users\jordi\Desktop\UNI\TFG\RefugisLliures_Frontend
npm verbose os Windows_NT 10.0.26200
npm verbose node v22.16.0
npm verbose npm  v10.9.2
npm verbose exit 1
npm verbose code 1
