// Jest Snapshot v1, https://goo.gl/fbAQLP

exports[`OfflineMapManager Component Snapshot hauria de coincidir amb el snapshot quan és visible amb cache 1`] = `
<Modal
  animationType="slide"
  presentationStyle="pageSheet"
  visible={true}
>
  <View
    style={
      {
        "backgroundColor": "#f8fafc",
        "flex": 1,
      }
    }
  >
    <View
      style={
        {
          "alignItems": "center",
          "backgroundColor": "#fff",
          "borderBottomColor": "#e5e7eb",
          "borderBottomWidth": 1,
          "flexDirection": "row",
          "justifyContent": "space-between",
          "paddingBottom": 20,
          "paddingHorizontal": 20,
          "paddingTop": 60,
        }
      }
    >
      <Text
        style={
          {
            "color": "#1f2937",
            "fontSize": 24,
            "fontWeight": "bold",
          }
        }
      >
        Mapes Offline
      </Text>
      <View
        accessibilityState={
          {
            "busy": undefined,
            "checked": undefined,
            "disabled": undefined,
            "expanded": undefined,
            "selected": undefined,
          }
        }
        accessibilityValue={
          {
            "max": undefined,
            "min": undefined,
            "now": undefined,
            "text": undefined,
          }
        }
        accessible={true}
        collapsable={false}
        focusable={true}
        onClick={[Function]}
        onResponderGrant={[Function]}
        onResponderMove={[Function]}
        onResponderRelease={[Function]}
        onResponderTerminate={[Function]}
        onResponderTerminationRequest={[Function]}
        onStartShouldSetResponder={[Function]}
        style={
          {
            "alignItems": "center",
            "backgroundColor": "#f3f4f6",
            "borderRadius": 16,
            "height": 32,
            "justifyContent": "center",
            "opacity": 1,
            "width": 32,
          }
        }
      >
        <Text
          style={
            {
              "color": "#6b7280",
              "fontSize": 16,
            }
          }
        >
          ✕
        </Text>
      </View>
    </View>
    <View
      style={
        {
          "flex": 1,
          "padding": 20,
        }
      }
    >
      <View
        style={
          {
            "alignItems": "center",
            "backgroundColor": "#fff",
            "borderColor": "#e5e7eb",
            "borderRadius": 12,
            "borderWidth": 1,
            "flexDirection": "row",
            "marginBottom": 24,
            "padding": 16,
          }
        }
      >
        <View
          style={
            [
              {
                "borderRadius": 6,
                "height": 12,
                "marginRight": 12,
                "width": 12,
              },
              {
                "backgroundColor": "#6b7280",
              },
            ]
          }
        />
        <Text
          style={
            {
              "color": "#1f2937",
              "fontSize": 16,
              "fontWeight": "600",
            }
          }
        >
          No hi ha mapes offline
        </Text>
      </View>
      <View
        style={
          {
            "gap": 12,
            "marginBottom": 24,
          }
        }
      >
        <View
          accessibilityState={
            {
              "busy": undefined,
              "checked": undefined,
              "disabled": false,
              "expanded": undefined,
              "selected": undefined,
            }
          }
          accessibilityValue={
            {
              "max": undefined,
              "min": undefined,
              "now": undefined,
              "text": undefined,
            }
          }
          accessible={true}
          collapsable={false}
          focusable={true}
          onClick={[Function]}
          onResponderGrant={[Function]}
          onResponderMove={[Function]}
          onResponderRelease={[Function]}
          onResponderTerminate={[Function]}
          onResponderTerminationRequest={[Function]}
          onStartShouldSetResponder={[Function]}
          style={
            {
              "alignItems": "center",
              "backgroundColor": "#10b981",
              "borderRadius": 12,
              "opacity": 1,
              "paddingHorizontal": 24,
              "paddingVertical": 16,
            }
          }
        >
          <Text
            style={
              {
                "color": "#fff",
                "fontSize": 16,
                "fontWeight": "600",
              }
            }
          >
            📱 Descarregar Mapes dels Pirineus
          </Text>
        </View>
      </View>
      <View
        style={
          {
            "backgroundColor": "#eff6ff",
            "borderColor": "#dbeafe",
            "borderRadius": 12,
            "borderWidth": 1,
            "padding": 16,
          }
        }
      >
        <Text
          style={
            {
              "color": "#1e40af",
              "fontSize": 16,
              "fontWeight": "600",
              "marginBottom": 8,
            }
          }
        >
          ℹ️ Informació
        </Text>
        <Text
          style={
            {
              "color": "#1e40af",
              "fontSize": 14,
              "lineHeight": 20,
            }
          }
        >
          • Els mapes offline permeten utilitzar l'app sense connexió
          

          • Es descarreguen els nivells de zoom 6-14 dels Pirineus
          

          • Es guarda la llista completa de refugis
          

          • La descàrrega pot trigar 5-15 minuts depenent de la connexió
          

          • Mida aproximada: 80-200 MB
        </Text>
      </View>
    </View>
  </View>
</Modal>
`;

exports[`OfflineMapManager Component Snapshot hauria de coincidir amb el snapshot quan és visible sense cache 1`] = `
<Modal
  animationType="slide"
  presentationStyle="pageSheet"
  visible={true}
>
  <View
    style={
      {
        "backgroundColor": "#f8fafc",
        "flex": 1,
      }
    }
  >
    <View
      style={
        {
          "alignItems": "center",
          "backgroundColor": "#fff",
          "borderBottomColor": "#e5e7eb",
          "borderBottomWidth": 1,
          "flexDirection": "row",
          "justifyContent": "space-between",
          "paddingBottom": 20,
          "paddingHorizontal": 20,
          "paddingTop": 60,
        }
      }
    >
      <Text
        style={
          {
            "color": "#1f2937",
            "fontSize": 24,
            "fontWeight": "bold",
          }
        }
      >
        Mapes Offline
      </Text>
      <View
        accessibilityState={
          {
            "busy": undefined,
            "checked": undefined,
            "disabled": undefined,
            "expanded": undefined,
            "selected": undefined,
          }
        }
        accessibilityValue={
          {
            "max": undefined,
            "min": undefined,
            "now": undefined,
            "text": undefined,
          }
        }
        accessible={true}
        collapsable={false}
        focusable={true}
        onClick={[Function]}
        onResponderGrant={[Function]}
        onResponderMove={[Function]}
        onResponderRelease={[Function]}
        onResponderTerminate={[Function]}
        onResponderTerminationRequest={[Function]}
        onStartShouldSetResponder={[Function]}
        style={
          {
            "alignItems": "center",
            "backgroundColor": "#f3f4f6",
            "borderRadius": 16,
            "height": 32,
            "justifyContent": "center",
            "opacity": 1,
            "width": 32,
          }
        }
      >
        <Text
          style={
            {
              "color": "#6b7280",
              "fontSize": 16,
            }
          }
        >
          ✕
        </Text>
      </View>
    </View>
    <View
      style={
        {
          "flex": 1,
          "padding": 20,
        }
      }
    >
      <View
        style={
          {
            "alignItems": "center",
            "backgroundColor": "#fff",
            "borderColor": "#e5e7eb",
            "borderRadius": 12,
            "borderWidth": 1,
            "flexDirection": "row",
            "marginBottom": 24,
            "padding": 16,
          }
        }
      >
        <View
          style={
            [
              {
                "borderRadius": 6,
                "height": 12,
                "marginRight": 12,
                "width": 12,
              },
              {
                "backgroundColor": "#6b7280",
              },
            ]
          }
        />
        <Text
          style={
            {
              "color": "#1f2937",
              "fontSize": 16,
              "fontWeight": "600",
            }
          }
        >
          No hi ha mapes offline
        </Text>
      </View>
      <View
        style={
          {
            "gap": 12,
            "marginBottom": 24,
          }
        }
      >
        <View
          accessibilityState={
            {
              "busy": undefined,
              "checked": undefined,
              "disabled": false,
              "expanded": undefined,
              "selected": undefined,
            }
          }
          accessibilityValue={
            {
              "max": undefined,
              "min": undefined,
              "now": undefined,
              "text": undefined,
            }
          }
          accessible={true}
          collapsable={false}
          focusable={true}
          onClick={[Function]}
          onResponderGrant={[Function]}
          onResponderMove={[Function]}
          onResponderRelease={[Function]}
          onResponderTerminate={[Function]}
          onResponderTerminationRequest={[Function]}
          onStartShouldSetResponder={[Function]}
          style={
            {
              "alignItems": "center",
              "backgroundColor": "#10b981",
              "borderRadius": 12,
              "opacity": 1,
              "paddingHorizontal": 24,
              "paddingVertical": 16,
            }
          }
        >
          <Text
            style={
              {
                "color": "#fff",
                "fontSize": 16,
                "fontWeight": "600",
              }
            }
          >
            📱 Descarregar Mapes dels Pirineus
          </Text>
        </View>
      </View>
      <View
        style={
          {
            "backgroundColor": "#eff6ff",
            "borderColor": "#dbeafe",
            "borderRadius": 12,
            "borderWidth": 1,
            "padding": 16,
          }
        }
      >
        <Text
          style={
            {
              "color": "#1e40af",
              "fontSize": 16,
              "fontWeight": "600",
              "marginBottom": 8,
            }
          }
        >
          ℹ️ Informació
        </Text>
        <Text
          style={
            {
              "color": "#1e40af",
              "fontSize": 14,
              "lineHeight": 20,
            }
          }
        >
          • Els mapes offline permeten utilitzar l'app sense connexió
          

          • Es descarreguen els nivells de zoom 6-14 dels Pirineus
          

          • Es guarda la llista completa de refugis
          

          • La descàrrega pot trigar 5-15 minuts depenent de la connexió
          

          • Mida aproximada: 80-200 MB
        </Text>
      </View>
    </View>
  </View>
</Modal>
`;
