// Jest Snapshot v1, https://goo.gl/fbAQLP

exports[`RefugeOccupationModal Component Renderització bàsica snapshot test - modal tancat 1`] = `null`;

exports[`RefugeOccupationModal Component Renderització bàsica snapshot test - modal visible 1`] = `
<Modal
  animationType="fade"
  onRequestClose={[MockFunction]}
  transparent={true}
  visible={true}
>
  <View
    accessibilityState={
      {
        "busy": undefined,
        "checked": undefined,
        "disabled": undefined,
        "expanded": undefined,
        "selected": undefined,
      }
    }
    accessibilityValue={
      {
        "max": undefined,
        "min": undefined,
        "now": undefined,
        "text": undefined,
      }
    }
    accessible={true}
    collapsable={false}
    focusable={true}
    onBlur={[Function]}
    onClick={[Function]}
    onFocus={[Function]}
    onResponderGrant={[Function]}
    onResponderMove={[Function]}
    onResponderRelease={[Function]}
    onResponderTerminate={[Function]}
    onResponderTerminationRequest={[Function]}
    onStartShouldSetResponder={[Function]}
    style={
      {
        "alignItems": "center",
        "backgroundColor": "rgba(0, 0, 0, 0.5)",
        "flex": 1,
        "justifyContent": "center",
        "padding": 20,
      }
    }
  >
    <View
      accessibilityState={
        {
          "busy": undefined,
          "checked": undefined,
          "disabled": undefined,
          "expanded": undefined,
          "selected": undefined,
        }
      }
      accessibilityValue={
        {
          "max": undefined,
          "min": undefined,
          "now": undefined,
          "text": undefined,
        }
      }
      accessible={true}
      collapsable={false}
      focusable={true}
      onBlur={[Function]}
      onClick={[Function]}
      onFocus={[Function]}
      onResponderGrant={[Function]}
      onResponderMove={[Function]}
      onResponderRelease={[Function]}
      onResponderTerminate={[Function]}
      onResponderTerminationRequest={[Function]}
      onStartShouldSetResponder={[Function]}
      style={
        {
          "backgroundColor": "white",
          "borderRadius": 16,
          "maxHeight": "90%",
          "maxWidth": 500,
          "overflow": "hidden",
          "width": "100%",
        }
      }
    >
      <RCTScrollView
        contentContainerStyle={
          {
            "padding": 20,
          }
        }
      >
        <View>
          <View
            style={
              {
                "alignItems": "flex-start",
                "flexDirection": "row",
                "justifyContent": "space-between",
                "marginBottom": 20,
              }
            }
          >
            <View
              style={
                {
                  "flex": 1,
                  "marginRight": 12,
                }
              }
            >
              <Text
                style={
                  {
                    "color": "#111827",
                    "fontSize": 20,
                    "fontWeight": "700",
                  }
                }
              >
                refuge.occupation.title
              </Text>
            </View>
            <View
              accessibilityState={
                {
                  "busy": undefined,
                  "checked": undefined,
                  "disabled": undefined,
                  "expanded": undefined,
                  "selected": undefined,
                }
              }
              accessibilityValue={
                {
                  "max": undefined,
                  "min": undefined,
                  "now": undefined,
                  "text": undefined,
                }
              }
              accessible={true}
              collapsable={false}
              focusable={true}
              onClick={[Function]}
              onResponderGrant={[Function]}
              onResponderMove={[Function]}
              onResponderRelease={[Function]}
              onResponderTerminate={[Function]}
              onResponderTerminationRequest={[Function]}
              onStartShouldSetResponder={[Function]}
              style={
                {
                  "alignItems": "center",
                  "borderRadius": 16,
                  "height": 32,
                  "justifyContent": "center",
                  "opacity": 1,
                  "width": 32,
                }
              }
            >
              <CloseIcon
                color="#4A5565"
                height={24}
                width={24}
              />
            </View>
          </View>
          <View
            style={
              {
                "marginBottom": 0,
              }
            }
          >
            <View
              style={
                {
                  "alignItems": "center",
                  "flexDirection": "row",
                  "justifyContent": "space-between",
                  "marginBottom": 16,
                }
              }
            >
              <View
                accessibilityState={
                  {
                    "busy": undefined,
                    "checked": undefined,
                    "disabled": undefined,
                    "expanded": undefined,
                    "selected": undefined,
                  }
                }
                accessibilityValue={
                  {
                    "max": undefined,
                    "min": undefined,
                    "now": undefined,
                    "text": undefined,
                  }
                }
                accessible={true}
                collapsable={false}
                focusable={true}
                onClick={[Function]}
                onResponderGrant={[Function]}
                onResponderMove={[Function]}
                onResponderRelease={[Function]}
                onResponderTerminate={[Function]}
                onResponderTerminationRequest={[Function]}
                onStartShouldSetResponder={[Function]}
                style={
                  {
                    "alignItems": "center",
                    "height": 40,
                    "justifyContent": "center",
                    "opacity": 1,
                    "width": 40,
                  }
                }
              >
                <Text
                  style={
                    {
                      "color": "#FF6900",
                      "fontSize": 24,
                      "fontWeight": "600",
                    }
                  }
                >
                  ←
                </Text>
              </View>
              <Text
                style={
                  {
                    "color": "#111827",
                    "fontSize": 18,
                    "fontWeight": "600",
                  }
                }
              >
                common.months.january 2026
              </Text>
              <View
                accessibilityState={
                  {
                    "busy": undefined,
                    "checked": undefined,
                    "disabled": undefined,
                    "expanded": undefined,
                    "selected": undefined,
                  }
                }
                accessibilityValue={
                  {
                    "max": undefined,
                    "min": undefined,
                    "now": undefined,
                    "text": undefined,
                  }
                }
                accessible={true}
                collapsable={false}
                focusable={true}
                onClick={[Function]}
                onResponderGrant={[Function]}
                onResponderMove={[Function]}
                onResponderRelease={[Function]}
                onResponderTerminate={[Function]}
                onResponderTerminationRequest={[Function]}
                onStartShouldSetResponder={[Function]}
                style={
                  {
                    "alignItems": "center",
                    "height": 40,
                    "justifyContent": "center",
                    "opacity": 1,
                    "width": 40,
                  }
                }
              >
                <Text
                  style={
                    {
                      "color": "#FF6900",
                      "fontSize": 24,
                      "fontWeight": "600",
                    }
                  }
                >
                  →
                </Text>
              </View>
            </View>
            <View
              style={
                {
                  "flexDirection": "row",
                  "marginBottom": 8,
                }
              }
            >
              <Text
                style={
                  {
                    "color": "#6B7280",
                    "flex": 1,
                    "fontSize": 12,
                    "fontWeight": "600",
                    "textAlign": "center",
                  }
                }
              >
                common.days.mon
              </Text>
              <Text
                style={
                  {
                    "color": "#6B7280",
                    "flex": 1,
                    "fontSize": 12,
                    "fontWeight": "600",
                    "textAlign": "center",
                  }
                }
              >
                common.days.tue
              </Text>
              <Text
                style={
                  {
                    "color": "#6B7280",
                    "flex": 1,
                    "fontSize": 12,
                    "fontWeight": "600",
                    "textAlign": "center",
                  }
                }
              >
                common.days.wed
              </Text>
              <Text
                style={
                  {
                    "color": "#6B7280",
                    "flex": 1,
                    "fontSize": 12,
                    "fontWeight": "600",
                    "textAlign": "center",
                  }
                }
              >
                common.days.thu
              </Text>
              <Text
                style={
                  {
                    "color": "#6B7280",
                    "flex": 1,
                    "fontSize": 12,
                    "fontWeight": "600",
                    "textAlign": "center",
                  }
                }
              >
                common.days.fri
              </Text>
              <Text
                style={
                  {
                    "color": "#6B7280",
                    "flex": 1,
                    "fontSize": 12,
                    "fontWeight": "600",
                    "textAlign": "center",
                  }
                }
              >
                common.days.sat
              </Text>
              <Text
                style={
                  {
                    "color": "#6B7280",
                    "flex": 1,
                    "fontSize": 12,
                    "fontWeight": "600",
                    "textAlign": "center",
                  }
                }
              >
                common.days.sun
              </Text>
            </View>
            <View
              style={
                {
                  "flexDirection": "row",
                  "flexWrap": "wrap",
                }
              }
            >
              <View
                style={
                  {
                    "alignItems": "center",
                    "aspectRatio": 1,
                    "borderRadius": 8,
                    "justifyContent": "center",
                    "marginBottom": 4,
                    "width": "14.28%",
                  }
                }
              />
              <View
                style={
                  {
                    "alignItems": "center",
                    "aspectRatio": 1,
                    "borderRadius": 8,
                    "justifyContent": "center",
                    "marginBottom": 4,
                    "width": "14.28%",
                  }
                }
              />
              <View
                style={
                  {
                    "alignItems": "center",
                    "aspectRatio": 1,
                    "borderRadius": 8,
                    "justifyContent": "center",
                    "marginBottom": 4,
                    "width": "14.28%",
                  }
                }
              />
              <View
                accessibilityState={
                  {
                    "busy": undefined,
                    "checked": undefined,
                    "disabled": true,
                    "expanded": undefined,
                    "selected": undefined,
                  }
                }
                accessibilityValue={
                  {
                    "max": undefined,
                    "min": undefined,
                    "now": undefined,
                    "text": undefined,
                  }
                }
                accessible={true}
                collapsable={false}
                focusable={false}
                onClick={[Function]}
                onResponderGrant={[Function]}
                onResponderMove={[Function]}
                onResponderRelease={[Function]}
                onResponderTerminate={[Function]}
                onResponderTerminationRequest={[Function]}
                onStartShouldSetResponder={[Function]}
                style={
                  {
                    "alignItems": "center",
                    "aspectRatio": 1,
                    "backgroundColor": "#F3F4F6",
                    "borderRadius": 8,
                    "justifyContent": "center",
                    "marginBottom": 4,
                    "opacity": 1,
                    "width": "14.28%",
                  }
                }
              >
                <Text
                  style={
                    [
                      {
                        "color": "#111827",
                        "fontSize": 14,
                        "fontWeight": "500",
                      },
                      {
                        "color": "#9CA3AF",
                      },
                      undefined,
                      undefined,
                      false,
                    ]
                  }
                >
                  1
                </Text>
              </View>
              <View
                accessibilityState={
                  {
                    "busy": undefined,
                    "checked": undefined,
                    "disabled": true,
                    "expanded": undefined,
                    "selected": undefined,
                  }
                }
                accessibilityValue={
                  {
                    "max": undefined,
                    "min": undefined,
                    "now": undefined,
                    "text": undefined,
                  }
                }
                accessible={true}
                collapsable={false}
                focusable={false}
                onClick={[Function]}
                onResponderGrant={[Function]}
                onResponderMove={[Function]}
                onResponderRelease={[Function]}
                onResponderTerminate={[Function]}
                onResponderTerminationRequest={[Function]}
                onStartShouldSetResponder={[Function]}
                style={
                  {
                    "alignItems": "center",
                    "aspectRatio": 1,
                    "backgroundColor": "#F3F4F6",
                    "borderRadius": 8,
                    "justifyContent": "center",
                    "marginBottom": 4,
                    "opacity": 1,
                    "width": "14.28%",
                  }
                }
              >
                <Text
                  style={
                    [
                      {
                        "color": "#111827",
                        "fontSize": 14,
                        "fontWeight": "500",
                      },
                      {
                        "color": "#9CA3AF",
                      },
                      undefined,
                      undefined,
                      false,
                    ]
                  }
                >
                  2
                </Text>
              </View>
              <View
                accessibilityState={
                  {
                    "busy": undefined,
                    "checked": undefined,
                    "disabled": true,
                    "expanded": undefined,
                    "selected": undefined,
                  }
                }
                accessibilityValue={
                  {
                    "max": undefined,
                    "min": undefined,
                    "now": undefined,
                    "text": undefined,
                  }
                }
                accessible={true}
                collapsable={false}
                focusable={false}
                onClick={[Function]}
                onResponderGrant={[Function]}
                onResponderMove={[Function]}
                onResponderRelease={[Function]}
                onResponderTerminate={[Function]}
                onResponderTerminationRequest={[Function]}
                onStartShouldSetResponder={[Function]}
                style={
                  {
                    "alignItems": "center",
                    "aspectRatio": 1,
                    "backgroundColor": "#F3F4F6",
                    "borderRadius": 8,
                    "justifyContent": "center",
                    "marginBottom": 4,
                    "opacity": 1,
                    "width": "14.28%",
                  }
                }
              >
                <Text
                  style={
                    [
                      {
                        "color": "#111827",
                        "fontSize": 14,
                        "fontWeight": "500",
                      },
                      {
                        "color": "#9CA3AF",
                      },
                      undefined,
                      undefined,
                      false,
                    ]
                  }
                >
                  3
                </Text>
              </View>
              <View
                accessibilityState={
                  {
                    "busy": undefined,
                    "checked": undefined,
                    "disabled": true,
                    "expanded": undefined,
                    "selected": undefined,
                  }
                }
                accessibilityValue={
                  {
                    "max": undefined,
                    "min": undefined,
                    "now": undefined,
                    "text": undefined,
                  }
                }
                accessible={true}
                collapsable={false}
                focusable={false}
                onClick={[Function]}
                onResponderGrant={[Function]}
                onResponderMove={[Function]}
                onResponderRelease={[Function]}
                onResponderTerminate={[Function]}
                onResponderTerminationRequest={[Function]}
                onStartShouldSetResponder={[Function]}
                style={
                  {
                    "alignItems": "center",
                    "aspectRatio": 1,
                    "backgroundColor": "#F3F4F6",
                    "borderRadius": 8,
                    "justifyContent": "center",
                    "marginBottom": 4,
                    "opacity": 1,
                    "width": "14.28%",
                  }
                }
              >
                <Text
                  style={
                    [
                      {
                        "color": "#111827",
                        "fontSize": 14,
                        "fontWeight": "500",
                      },
                      {
                        "color": "#9CA3AF",
                      },
                      undefined,
                      undefined,
                      false,
                    ]
                  }
                >
                  4
                </Text>
              </View>
              <View
                accessibilityState={
                  {
                    "busy": undefined,
                    "checked": undefined,
                    "disabled": true,
                    "expanded": undefined,
                    "selected": undefined,
                  }
                }
                accessibilityValue={
                  {
                    "max": undefined,
                    "min": undefined,
                    "now": undefined,
                    "text": undefined,
                  }
                }
                accessible={true}
                collapsable={false}
                focusable={false}
                onClick={[Function]}
                onResponderGrant={[Function]}
                onResponderMove={[Function]}
                onResponderRelease={[Function]}
                onResponderTerminate={[Function]}
                onResponderTerminationRequest={[Function]}
                onStartShouldSetResponder={[Function]}
                style={
                  {
                    "alignItems": "center",
                    "aspectRatio": 1,
                    "backgroundColor": "#F3F4F6",
                    "borderRadius": 8,
                    "justifyContent": "center",
                    "marginBottom": 4,
                    "opacity": 1,
                    "width": "14.28%",
                  }
                }
              >
                <Text
                  style={
                    [
                      {
                        "color": "#111827",
                        "fontSize": 14,
                        "fontWeight": "500",
                      },
                      {
                        "color": "#9CA3AF",
                      },
                      undefined,
                      undefined,
                      false,
                    ]
                  }
                >
                  5
                </Text>
              </View>
              <View
                accessibilityState={
                  {
                    "busy": undefined,
                    "checked": undefined,
                    "disabled": false,
                    "expanded": undefined,
                    "selected": undefined,
                  }
                }
                accessibilityValue={
                  {
                    "max": undefined,
                    "min": undefined,
                    "now": undefined,
                    "text": undefined,
                  }
                }
                accessible={true}
                collapsable={false}
                focusable={true}
                onClick={[Function]}
                onResponderGrant={[Function]}
                onResponderMove={[Function]}
                onResponderRelease={[Function]}
                onResponderTerminate={[Function]}
                onResponderTerminationRequest={[Function]}
                onStartShouldSetResponder={[Function]}
                style={
                  {
                    "alignItems": "center",
                    "aspectRatio": 1,
                    "borderRadius": 8,
                    "justifyContent": "center",
                    "marginBottom": 4,
                    "opacity": 1,
                    "width": "14.28%",
                  }
                }
              >
                <Text
                  style={
                    [
                      {
                        "color": "#111827",
                        "fontSize": 14,
                        "fontWeight": "500",
                      },
                      false,
                      undefined,
                      undefined,
                      false,
                    ]
                  }
                >
                  6
                </Text>
              </View>
              <View
                accessibilityState={
                  {
                    "busy": undefined,
                    "checked": undefined,
                    "disabled": false,
                    "expanded": undefined,
                    "selected": undefined,
                  }
                }
                accessibilityValue={
                  {
                    "max": undefined,
                    "min": undefined,
                    "now": undefined,
                    "text": undefined,
                  }
                }
                accessible={true}
                collapsable={false}
                focusable={true}
                onClick={[Function]}
                onResponderGrant={[Function]}
                onResponderMove={[Function]}
                onResponderRelease={[Function]}
                onResponderTerminate={[Function]}
                onResponderTerminationRequest={[Function]}
                onStartShouldSetResponder={[Function]}
                style={
                  {
                    "alignItems": "center",
                    "aspectRatio": 1,
                    "borderRadius": 8,
                    "justifyContent": "center",
                    "marginBottom": 4,
                    "opacity": 1,
                    "width": "14.28%",
                  }
                }
              >
                <Text
                  style={
                    [
                      {
                        "color": "#111827",
                        "fontSize": 14,
                        "fontWeight": "500",
                      },
                      false,
                      undefined,
                      undefined,
                      false,
                    ]
                  }
                >
                  7
                </Text>
              </View>
              <View
                accessibilityState={
                  {
                    "busy": undefined,
                    "checked": undefined,
                    "disabled": false,
                    "expanded": undefined,
                    "selected": undefined,
                  }
                }
                accessibilityValue={
                  {
                    "max": undefined,
                    "min": undefined,
                    "now": undefined,
                    "text": undefined,
                  }
                }
                accessible={true}
                collapsable={false}
                focusable={true}
                onClick={[Function]}
                onResponderGrant={[Function]}
                onResponderMove={[Function]}
                onResponderRelease={[Function]}
                onResponderTerminate={[Function]}
                onResponderTerminationRequest={[Function]}
                onStartShouldSetResponder={[Function]}
                style={
                  {
                    "alignItems": "center",
                    "aspectRatio": 1,
                    "borderRadius": 8,
                    "justifyContent": "center",
                    "marginBottom": 4,
                    "opacity": 1,
                    "width": "14.28%",
                  }
                }
              >
                <Text
                  style={
                    [
                      {
                        "color": "#111827",
                        "fontSize": 14,
                        "fontWeight": "500",
                      },
                      false,
                      undefined,
                      undefined,
                      false,
                    ]
                  }
                >
                  8
                </Text>
              </View>
              <View
                accessibilityState={
                  {
                    "busy": undefined,
                    "checked": undefined,
                    "disabled": false,
                    "expanded": undefined,
                    "selected": undefined,
                  }
                }
                accessibilityValue={
                  {
                    "max": undefined,
                    "min": undefined,
                    "now": undefined,
                    "text": undefined,
                  }
                }
                accessible={true}
                collapsable={false}
                focusable={true}
                onClick={[Function]}
                onResponderGrant={[Function]}
                onResponderMove={[Function]}
                onResponderRelease={[Function]}
                onResponderTerminate={[Function]}
                onResponderTerminationRequest={[Function]}
                onStartShouldSetResponder={[Function]}
                style={
                  {
                    "alignItems": "center",
                    "aspectRatio": 1,
                    "borderRadius": 8,
                    "justifyContent": "center",
                    "marginBottom": 4,
                    "opacity": 1,
                    "width": "14.28%",
                  }
                }
              >
                <Text
                  style={
                    [
                      {
                        "color": "#111827",
                        "fontSize": 14,
                        "fontWeight": "500",
                      },
                      false,
                      undefined,
                      undefined,
                      false,
                    ]
                  }
                >
                  9
                </Text>
              </View>
              <View
                accessibilityState={
                  {
                    "busy": undefined,
                    "checked": undefined,
                    "disabled": false,
                    "expanded": undefined,
                    "selected": undefined,
                  }
                }
                accessibilityValue={
                  {
                    "max": undefined,
                    "min": undefined,
                    "now": undefined,
                    "text": undefined,
                  }
                }
                accessible={true}
                collapsable={false}
                focusable={true}
                onClick={[Function]}
                onResponderGrant={[Function]}
                onResponderMove={[Function]}
                onResponderRelease={[Function]}
                onResponderTerminate={[Function]}
                onResponderTerminationRequest={[Function]}
                onStartShouldSetResponder={[Function]}
                style={
                  {
                    "alignItems": "center",
                    "aspectRatio": 1,
                    "borderRadius": 8,
                    "justifyContent": "center",
                    "marginBottom": 4,
                    "opacity": 1,
                    "width": "14.28%",
                  }
                }
              >
                <Text
                  style={
                    [
                      {
                        "color": "#111827",
                        "fontSize": 14,
                        "fontWeight": "500",
                      },
                      false,
                      undefined,
                      undefined,
                      false,
                    ]
                  }
                >
                  10
                </Text>
              </View>
              <View
                accessibilityState={
                  {
                    "busy": undefined,
                    "checked": undefined,
                    "disabled": false,
                    "expanded": undefined,
                    "selected": undefined,
                  }
                }
                accessibilityValue={
                  {
                    "max": undefined,
                    "min": undefined,
                    "now": undefined,
                    "text": undefined,
                  }
                }
                accessible={true}
                collapsable={false}
                focusable={true}
                onClick={[Function]}
                onResponderGrant={[Function]}
                onResponderMove={[Function]}
                onResponderRelease={[Function]}
                onResponderTerminate={[Function]}
                onResponderTerminationRequest={[Function]}
                onStartShouldSetResponder={[Function]}
                style={
                  {
                    "alignItems": "center",
                    "aspectRatio": 1,
                    "borderRadius": 8,
                    "justifyContent": "center",
                    "marginBottom": 4,
                    "opacity": 1,
                    "width": "14.28%",
                  }
                }
              >
                <Text
                  style={
                    [
                      {
                        "color": "#111827",
                        "fontSize": 14,
                        "fontWeight": "500",
                      },
                      false,
                      undefined,
                      undefined,
                      false,
                    ]
                  }
                >
                  11
                </Text>
              </View>
              <View
                accessibilityState={
                  {
                    "busy": undefined,
                    "checked": undefined,
                    "disabled": false,
                    "expanded": undefined,
                    "selected": undefined,
                  }
                }
                accessibilityValue={
                  {
                    "max": undefined,
                    "min": undefined,
                    "now": undefined,
                    "text": undefined,
                  }
                }
                accessible={true}
                collapsable={false}
                focusable={true}
                onClick={[Function]}
                onResponderGrant={[Function]}
                onResponderMove={[Function]}
                onResponderRelease={[Function]}
                onResponderTerminate={[Function]}
                onResponderTerminationRequest={[Function]}
                onStartShouldSetResponder={[Function]}
                style={
                  {
                    "alignItems": "center",
                    "aspectRatio": 1,
                    "borderRadius": 8,
                    "justifyContent": "center",
                    "marginBottom": 4,
                    "opacity": 1,
                    "width": "14.28%",
                  }
                }
              >
                <Text
                  style={
                    [
                      {
                        "color": "#111827",
                        "fontSize": 14,
                        "fontWeight": "500",
                      },
                      false,
                      undefined,
                      undefined,
                      false,
                    ]
                  }
                >
                  12
                </Text>
              </View>
              <View
                accessibilityState={
                  {
                    "busy": undefined,
                    "checked": undefined,
                    "disabled": false,
                    "expanded": undefined,
                    "selected": undefined,
                  }
                }
                accessibilityValue={
                  {
                    "max": undefined,
                    "min": undefined,
                    "now": undefined,
                    "text": undefined,
                  }
                }
                accessible={true}
                collapsable={false}
                focusable={true}
                onClick={[Function]}
                onResponderGrant={[Function]}
                onResponderMove={[Function]}
                onResponderRelease={[Function]}
                onResponderTerminate={[Function]}
                onResponderTerminationRequest={[Function]}
                onStartShouldSetResponder={[Function]}
                style={
                  {
                    "alignItems": "center",
                    "aspectRatio": 1,
                    "borderRadius": 8,
                    "justifyContent": "center",
                    "marginBottom": 4,
                    "opacity": 1,
                    "width": "14.28%",
                  }
                }
              >
                <Text
                  style={
                    [
                      {
                        "color": "#111827",
                        "fontSize": 14,
                        "fontWeight": "500",
                      },
                      false,
                      undefined,
                      undefined,
                      false,
                    ]
                  }
                >
                  13
                </Text>
              </View>
              <View
                accessibilityState={
                  {
                    "busy": undefined,
                    "checked": undefined,
                    "disabled": false,
                    "expanded": undefined,
                    "selected": undefined,
                  }
                }
                accessibilityValue={
                  {
                    "max": undefined,
                    "min": undefined,
                    "now": undefined,
                    "text": undefined,
                  }
                }
                accessible={true}
                collapsable={false}
                focusable={true}
                onClick={[Function]}
                onResponderGrant={[Function]}
                onResponderMove={[Function]}
                onResponderRelease={[Function]}
                onResponderTerminate={[Function]}
                onResponderTerminationRequest={[Function]}
                onStartShouldSetResponder={[Function]}
                style={
                  {
                    "alignItems": "center",
                    "aspectRatio": 1,
                    "borderRadius": 8,
                    "justifyContent": "center",
                    "marginBottom": 4,
                    "opacity": 1,
                    "width": "14.28%",
                  }
                }
              >
                <Text
                  style={
                    [
                      {
                        "color": "#111827",
                        "fontSize": 14,
                        "fontWeight": "500",
                      },
                      false,
                      undefined,
                      undefined,
                      false,
                    ]
                  }
                >
                  14
                </Text>
              </View>
              <View
                accessibilityState={
                  {
                    "busy": undefined,
                    "checked": undefined,
                    "disabled": false,
                    "expanded": undefined,
                    "selected": undefined,
                  }
                }
                accessibilityValue={
                  {
                    "max": undefined,
                    "min": undefined,
                    "now": undefined,
                    "text": undefined,
                  }
                }
                accessible={true}
                collapsable={false}
                focusable={true}
                onClick={[Function]}
                onResponderGrant={[Function]}
                onResponderMove={[Function]}
                onResponderRelease={[Function]}
                onResponderTerminate={[Function]}
                onResponderTerminationRequest={[Function]}
                onStartShouldSetResponder={[Function]}
                style={
                  {
                    "alignItems": "center",
                    "aspectRatio": 1,
                    "backgroundColor": "#DCFCE7",
                    "borderRadius": 8,
                    "justifyContent": "center",
                    "marginBottom": 4,
                    "opacity": 1,
                    "width": "14.28%",
                  }
                }
              >
                <Text
                  style={
                    [
                      {
                        "color": "#111827",
                        "fontSize": 14,
                        "fontWeight": "500",
                      },
                      false,
                      undefined,
                      {
                        "color": "#16A34A",
                      },
                      false,
                    ]
                  }
                >
                  15
                </Text>
                <Text
                  style={
                    [
                      {
                        "color": "#6B7280",
                        "fontSize": 10,
                        "fontWeight": "600",
                        "marginTop": 2,
                      },
                      undefined,
                      {
                        "color": "#16A34A",
                      },
                      false,
                    ]
                  }
                >
                  5
                </Text>
              </View>
              <View
                accessibilityState={
                  {
                    "busy": undefined,
                    "checked": undefined,
                    "disabled": false,
                    "expanded": undefined,
                    "selected": undefined,
                  }
                }
                accessibilityValue={
                  {
                    "max": undefined,
                    "min": undefined,
                    "now": undefined,
                    "text": undefined,
                  }
                }
                accessible={true}
                collapsable={false}
                focusable={true}
                onClick={[Function]}
                onResponderGrant={[Function]}
                onResponderMove={[Function]}
                onResponderRelease={[Function]}
                onResponderTerminate={[Function]}
                onResponderTerminationRequest={[Function]}
                onStartShouldSetResponder={[Function]}
                style={
                  {
                    "alignItems": "center",
                    "aspectRatio": 1,
                    "borderRadius": 8,
                    "justifyContent": "center",
                    "marginBottom": 4,
                    "opacity": 1,
                    "width": "14.28%",
                  }
                }
              >
                <Text
                  style={
                    [
                      {
                        "color": "#111827",
                        "fontSize": 14,
                        "fontWeight": "500",
                      },
                      false,
                      undefined,
                      undefined,
                      false,
                    ]
                  }
                >
                  16
                </Text>
              </View>
              <View
                accessibilityState={
                  {
                    "busy": undefined,
                    "checked": undefined,
                    "disabled": false,
                    "expanded": undefined,
                    "selected": undefined,
                  }
                }
                accessibilityValue={
                  {
                    "max": undefined,
                    "min": undefined,
                    "now": undefined,
                    "text": undefined,
                  }
                }
                accessible={true}
                collapsable={false}
                focusable={true}
                onClick={[Function]}
                onResponderGrant={[Function]}
                onResponderMove={[Function]}
                onResponderRelease={[Function]}
                onResponderTerminate={[Function]}
                onResponderTerminationRequest={[Function]}
                onStartShouldSetResponder={[Function]}
                style={
                  {
                    "alignItems": "center",
                    "aspectRatio": 1,
                    "borderRadius": 8,
                    "justifyContent": "center",
                    "marginBottom": 4,
                    "opacity": 1,
                    "width": "14.28%",
                  }
                }
              >
                <Text
                  style={
                    [
                      {
                        "color": "#111827",
                        "fontSize": 14,
                        "fontWeight": "500",
                      },
                      false,
                      undefined,
                      undefined,
                      false,
                    ]
                  }
                >
                  17
                </Text>
              </View>
              <View
                accessibilityState={
                  {
                    "busy": undefined,
                    "checked": undefined,
                    "disabled": false,
                    "expanded": undefined,
                    "selected": undefined,
                  }
                }
                accessibilityValue={
                  {
                    "max": undefined,
                    "min": undefined,
                    "now": undefined,
                    "text": undefined,
                  }
                }
                accessible={true}
                collapsable={false}
                focusable={true}
                onClick={[Function]}
                onResponderGrant={[Function]}
                onResponderMove={[Function]}
                onResponderRelease={[Function]}
                onResponderTerminate={[Function]}
                onResponderTerminationRequest={[Function]}
                onStartShouldSetResponder={[Function]}
                style={
                  {
                    "alignItems": "center",
                    "aspectRatio": 1,
                    "borderRadius": 8,
                    "justifyContent": "center",
                    "marginBottom": 4,
                    "opacity": 1,
                    "width": "14.28%",
                  }
                }
              >
                <Text
                  style={
                    [
                      {
                        "color": "#111827",
                        "fontSize": 14,
                        "fontWeight": "500",
                      },
                      false,
                      undefined,
                      undefined,
                      false,
                    ]
                  }
                >
                  18
                </Text>
              </View>
              <View
                accessibilityState={
                  {
                    "busy": undefined,
                    "checked": undefined,
                    "disabled": false,
                    "expanded": undefined,
                    "selected": undefined,
                  }
                }
                accessibilityValue={
                  {
                    "max": undefined,
                    "min": undefined,
                    "now": undefined,
                    "text": undefined,
                  }
                }
                accessible={true}
                collapsable={false}
                focusable={true}
                onClick={[Function]}
                onResponderGrant={[Function]}
                onResponderMove={[Function]}
                onResponderRelease={[Function]}
                onResponderTerminate={[Function]}
                onResponderTerminationRequest={[Function]}
                onStartShouldSetResponder={[Function]}
                style={
                  {
                    "alignItems": "center",
                    "aspectRatio": 1,
                    "borderRadius": 8,
                    "justifyContent": "center",
                    "marginBottom": 4,
                    "opacity": 1,
                    "width": "14.28%",
                  }
                }
              >
                <Text
                  style={
                    [
                      {
                        "color": "#111827",
                        "fontSize": 14,
                        "fontWeight": "500",
                      },
                      false,
                      undefined,
                      undefined,
                      false,
                    ]
                  }
                >
                  19
                </Text>
              </View>
              <View
                accessibilityState={
                  {
                    "busy": undefined,
                    "checked": undefined,
                    "disabled": false,
                    "expanded": undefined,
                    "selected": undefined,
                  }
                }
                accessibilityValue={
                  {
                    "max": undefined,
                    "min": undefined,
                    "now": undefined,
                    "text": undefined,
                  }
                }
                accessible={true}
                collapsable={false}
                focusable={true}
                onClick={[Function]}
                onResponderGrant={[Function]}
                onResponderMove={[Function]}
                onResponderRelease={[Function]}
                onResponderTerminate={[Function]}
                onResponderTerminationRequest={[Function]}
                onStartShouldSetResponder={[Function]}
                style={
                  {
                    "alignItems": "center",
                    "aspectRatio": 1,
                    "borderRadius": 8,
                    "justifyContent": "center",
                    "marginBottom": 4,
                    "opacity": 1,
                    "width": "14.28%",
                  }
                }
              >
                <Text
                  style={
                    [
                      {
                        "color": "#111827",
                        "fontSize": 14,
                        "fontWeight": "500",
                      },
                      false,
                      undefined,
                      undefined,
                      false,
                    ]
                  }
                >
                  20
                </Text>
              </View>
              <View
                accessibilityState={
                  {
                    "busy": undefined,
                    "checked": undefined,
                    "disabled": false,
                    "expanded": undefined,
                    "selected": undefined,
                  }
                }
                accessibilityValue={
                  {
                    "max": undefined,
                    "min": undefined,
                    "now": undefined,
                    "text": undefined,
                  }
                }
                accessible={true}
                collapsable={false}
                focusable={true}
                onClick={[Function]}
                onResponderGrant={[Function]}
                onResponderMove={[Function]}
                onResponderRelease={[Function]}
                onResponderTerminate={[Function]}
                onResponderTerminationRequest={[Function]}
                onStartShouldSetResponder={[Function]}
                style={
                  {
                    "alignItems": "center",
                    "aspectRatio": 1,
                    "borderRadius": 8,
                    "justifyContent": "center",
                    "marginBottom": 4,
                    "opacity": 1,
                    "width": "14.28%",
                  }
                }
              >
                <Text
                  style={
                    [
                      {
                        "color": "#111827",
                        "fontSize": 14,
                        "fontWeight": "500",
                      },
                      false,
                      undefined,
                      undefined,
                      false,
                    ]
                  }
                >
                  21
                </Text>
              </View>
              <View
                accessibilityState={
                  {
                    "busy": undefined,
                    "checked": undefined,
                    "disabled": false,
                    "expanded": undefined,
                    "selected": undefined,
                  }
                }
                accessibilityValue={
                  {
                    "max": undefined,
                    "min": undefined,
                    "now": undefined,
                    "text": undefined,
                  }
                }
                accessible={true}
                collapsable={false}
                focusable={true}
                onClick={[Function]}
                onResponderGrant={[Function]}
                onResponderMove={[Function]}
                onResponderRelease={[Function]}
                onResponderTerminate={[Function]}
                onResponderTerminationRequest={[Function]}
                onStartShouldSetResponder={[Function]}
                style={
                  {
                    "alignItems": "center",
                    "aspectRatio": 1,
                    "borderRadius": 8,
                    "justifyContent": "center",
                    "marginBottom": 4,
                    "opacity": 1,
                    "width": "14.28%",
                  }
                }
              >
                <Text
                  style={
                    [
                      {
                        "color": "#111827",
                        "fontSize": 14,
                        "fontWeight": "500",
                      },
                      false,
                      undefined,
                      undefined,
                      false,
                    ]
                  }
                >
                  22
                </Text>
              </View>
              <View
                accessibilityState={
                  {
                    "busy": undefined,
                    "checked": undefined,
                    "disabled": false,
                    "expanded": undefined,
                    "selected": undefined,
                  }
                }
                accessibilityValue={
                  {
                    "max": undefined,
                    "min": undefined,
                    "now": undefined,
                    "text": undefined,
                  }
                }
                accessible={true}
                collapsable={false}
                focusable={true}
                onClick={[Function]}
                onResponderGrant={[Function]}
                onResponderMove={[Function]}
                onResponderRelease={[Function]}
                onResponderTerminate={[Function]}
                onResponderTerminationRequest={[Function]}
                onStartShouldSetResponder={[Function]}
                style={
                  {
                    "alignItems": "center",
                    "aspectRatio": 1,
                    "borderRadius": 8,
                    "justifyContent": "center",
                    "marginBottom": 4,
                    "opacity": 1,
                    "width": "14.28%",
                  }
                }
              >
                <Text
                  style={
                    [
                      {
                        "color": "#111827",
                        "fontSize": 14,
                        "fontWeight": "500",
                      },
                      false,
                      undefined,
                      undefined,
                      false,
                    ]
                  }
                >
                  23
                </Text>
              </View>
              <View
                accessibilityState={
                  {
                    "busy": undefined,
                    "checked": undefined,
                    "disabled": false,
                    "expanded": undefined,
                    "selected": undefined,
                  }
                }
                accessibilityValue={
                  {
                    "max": undefined,
                    "min": undefined,
                    "now": undefined,
                    "text": undefined,
                  }
                }
                accessible={true}
                collapsable={false}
                focusable={true}
                onClick={[Function]}
                onResponderGrant={[Function]}
                onResponderMove={[Function]}
                onResponderRelease={[Function]}
                onResponderTerminate={[Function]}
                onResponderTerminationRequest={[Function]}
                onStartShouldSetResponder={[Function]}
                style={
                  {
                    "alignItems": "center",
                    "aspectRatio": 1,
                    "borderRadius": 8,
                    "justifyContent": "center",
                    "marginBottom": 4,
                    "opacity": 1,
                    "width": "14.28%",
                  }
                }
              >
                <Text
                  style={
                    [
                      {
                        "color": "#111827",
                        "fontSize": 14,
                        "fontWeight": "500",
                      },
                      false,
                      undefined,
                      undefined,
                      false,
                    ]
                  }
                >
                  24
                </Text>
              </View>
              <View
                accessibilityState={
                  {
                    "busy": undefined,
                    "checked": undefined,
                    "disabled": false,
                    "expanded": undefined,
                    "selected": undefined,
                  }
                }
                accessibilityValue={
                  {
                    "max": undefined,
                    "min": undefined,
                    "now": undefined,
                    "text": undefined,
                  }
                }
                accessible={true}
                collapsable={false}
                focusable={true}
                onClick={[Function]}
                onResponderGrant={[Function]}
                onResponderMove={[Function]}
                onResponderRelease={[Function]}
                onResponderTerminate={[Function]}
                onResponderTerminationRequest={[Function]}
                onStartShouldSetResponder={[Function]}
                style={
                  {
                    "alignItems": "center",
                    "aspectRatio": 1,
                    "borderRadius": 8,
                    "justifyContent": "center",
                    "marginBottom": 4,
                    "opacity": 1,
                    "width": "14.28%",
                  }
                }
              >
                <Text
                  style={
                    [
                      {
                        "color": "#111827",
                        "fontSize": 14,
                        "fontWeight": "500",
                      },
                      false,
                      undefined,
                      undefined,
                      false,
                    ]
                  }
                >
                  25
                </Text>
              </View>
              <View
                accessibilityState={
                  {
                    "busy": undefined,
                    "checked": undefined,
                    "disabled": false,
                    "expanded": undefined,
                    "selected": undefined,
                  }
                }
                accessibilityValue={
                  {
                    "max": undefined,
                    "min": undefined,
                    "now": undefined,
                    "text": undefined,
                  }
                }
                accessible={true}
                collapsable={false}
                focusable={true}
                onClick={[Function]}
                onResponderGrant={[Function]}
                onResponderMove={[Function]}
                onResponderRelease={[Function]}
                onResponderTerminate={[Function]}
                onResponderTerminationRequest={[Function]}
                onStartShouldSetResponder={[Function]}
                style={
                  {
                    "alignItems": "center",
                    "aspectRatio": 1,
                    "borderRadius": 8,
                    "justifyContent": "center",
                    "marginBottom": 4,
                    "opacity": 1,
                    "width": "14.28%",
                  }
                }
              >
                <Text
                  style={
                    [
                      {
                        "color": "#111827",
                        "fontSize": 14,
                        "fontWeight": "500",
                      },
                      false,
                      undefined,
                      undefined,
                      false,
                    ]
                  }
                >
                  26
                </Text>
              </View>
              <View
                accessibilityState={
                  {
                    "busy": undefined,
                    "checked": undefined,
                    "disabled": false,
                    "expanded": undefined,
                    "selected": undefined,
                  }
                }
                accessibilityValue={
                  {
                    "max": undefined,
                    "min": undefined,
                    "now": undefined,
                    "text": undefined,
                  }
                }
                accessible={true}
                collapsable={false}
                focusable={true}
                onClick={[Function]}
                onResponderGrant={[Function]}
                onResponderMove={[Function]}
                onResponderRelease={[Function]}
                onResponderTerminate={[Function]}
                onResponderTerminationRequest={[Function]}
                onStartShouldSetResponder={[Function]}
                style={
                  {
                    "alignItems": "center",
                    "aspectRatio": 1,
                    "borderRadius": 8,
                    "justifyContent": "center",
                    "marginBottom": 4,
                    "opacity": 1,
                    "width": "14.28%",
                  }
                }
              >
                <Text
                  style={
                    [
                      {
                        "color": "#111827",
                        "fontSize": 14,
                        "fontWeight": "500",
                      },
                      false,
                      undefined,
                      undefined,
                      false,
                    ]
                  }
                >
                  27
                </Text>
              </View>
              <View
                accessibilityState={
                  {
                    "busy": undefined,
                    "checked": undefined,
                    "disabled": false,
                    "expanded": undefined,
                    "selected": undefined,
                  }
                }
                accessibilityValue={
                  {
                    "max": undefined,
                    "min": undefined,
                    "now": undefined,
                    "text": undefined,
                  }
                }
                accessible={true}
                collapsable={false}
                focusable={true}
                onClick={[Function]}
                onResponderGrant={[Function]}
                onResponderMove={[Function]}
                onResponderRelease={[Function]}
                onResponderTerminate={[Function]}
                onResponderTerminationRequest={[Function]}
                onStartShouldSetResponder={[Function]}
                style={
                  {
                    "alignItems": "center",
                    "aspectRatio": 1,
                    "borderRadius": 8,
                    "justifyContent": "center",
                    "marginBottom": 4,
                    "opacity": 1,
                    "width": "14.28%",
                  }
                }
              >
                <Text
                  style={
                    [
                      {
                        "color": "#111827",
                        "fontSize": 14,
                        "fontWeight": "500",
                      },
                      false,
                      undefined,
                      undefined,
                      false,
                    ]
                  }
                >
                  28
                </Text>
              </View>
              <View
                accessibilityState={
                  {
                    "busy": undefined,
                    "checked": undefined,
                    "disabled": false,
                    "expanded": undefined,
                    "selected": undefined,
                  }
                }
                accessibilityValue={
                  {
                    "max": undefined,
                    "min": undefined,
                    "now": undefined,
                    "text": undefined,
                  }
                }
                accessible={true}
                collapsable={false}
                focusable={true}
                onClick={[Function]}
                onResponderGrant={[Function]}
                onResponderMove={[Function]}
                onResponderRelease={[Function]}
                onResponderTerminate={[Function]}
                onResponderTerminationRequest={[Function]}
                onStartShouldSetResponder={[Function]}
                style={
                  {
                    "alignItems": "center",
                    "aspectRatio": 1,
                    "borderRadius": 8,
                    "justifyContent": "center",
                    "marginBottom": 4,
                    "opacity": 1,
                    "width": "14.28%",
                  }
                }
              >
                <Text
                  style={
                    [
                      {
                        "color": "#111827",
                        "fontSize": 14,
                        "fontWeight": "500",
                      },
                      false,
                      undefined,
                      undefined,
                      false,
                    ]
                  }
                >
                  29
                </Text>
              </View>
              <View
                accessibilityState={
                  {
                    "busy": undefined,
                    "checked": undefined,
                    "disabled": false,
                    "expanded": undefined,
                    "selected": undefined,
                  }
                }
                accessibilityValue={
                  {
                    "max": undefined,
                    "min": undefined,
                    "now": undefined,
                    "text": undefined,
                  }
                }
                accessible={true}
                collapsable={false}
                focusable={true}
                onClick={[Function]}
                onResponderGrant={[Function]}
                onResponderMove={[Function]}
                onResponderRelease={[Function]}
                onResponderTerminate={[Function]}
                onResponderTerminationRequest={[Function]}
                onStartShouldSetResponder={[Function]}
                style={
                  {
                    "alignItems": "center",
                    "aspectRatio": 1,
                    "borderRadius": 8,
                    "justifyContent": "center",
                    "marginBottom": 4,
                    "opacity": 1,
                    "width": "14.28%",
                  }
                }
              >
                <Text
                  style={
                    [
                      {
                        "color": "#111827",
                        "fontSize": 14,
                        "fontWeight": "500",
                      },
                      false,
                      undefined,
                      undefined,
                      false,
                    ]
                  }
                >
                  30
                </Text>
              </View>
              <View
                accessibilityState={
                  {
                    "busy": undefined,
                    "checked": undefined,
                    "disabled": false,
                    "expanded": undefined,
                    "selected": undefined,
                  }
                }
                accessibilityValue={
                  {
                    "max": undefined,
                    "min": undefined,
                    "now": undefined,
                    "text": undefined,
                  }
                }
                accessible={true}
                collapsable={false}
                focusable={true}
                onClick={[Function]}
                onResponderGrant={[Function]}
                onResponderMove={[Function]}
                onResponderRelease={[Function]}
                onResponderTerminate={[Function]}
                onResponderTerminationRequest={[Function]}
                onStartShouldSetResponder={[Function]}
                style={
                  {
                    "alignItems": "center",
                    "aspectRatio": 1,
                    "borderRadius": 8,
                    "justifyContent": "center",
                    "marginBottom": 4,
                    "opacity": 1,
                    "width": "14.28%",
                  }
                }
              >
                <Text
                  style={
                    [
                      {
                        "color": "#111827",
                        "fontSize": 14,
                        "fontWeight": "500",
                      },
                      false,
                      undefined,
                      undefined,
                      false,
                    ]
                  }
                >
                  31
                </Text>
              </View>
            </View>
          </View>
        </View>
      </RCTScrollView>
    </View>
  </View>
</Modal>
`;
