// Jest Snapshot v1, https://goo.gl/fbAQLP

exports[`TabsNavigator Component Snapshot tests adicionals hauria de coincidir amb el snapshot - amb location amb totes les propietats 1`] = `
<NavigationContainer>
  <Navigator>
    <Screen
      name="Map"
    >
      <TabBarIcons>
        <View
          style={
            [
              {
                "alignItems": "center",
                "backgroundColor": "transparent",
                "height": "100%",
                "justifyContent": "center",
                "width": "100%",
              },
              {
                "backgroundColor": "#f3f4f6",
              },
            ]
          }
        >
          <View
            color="#4A5565"
            height={20}
            testID="user-icon"
            width={20}
          >
            <Text>
              UserIcon
            </Text>
          </View>
          <Text
            style={
              {
                "color": "#4A5565",
                "fontSize": 10,
                "marginTop": 4,
              }
            }
          >
            Mapa
          </Text>
        </View>
        <View
          style={
            [
              {
                "alignItems": "center",
                "backgroundColor": "transparent",
                "height": "100%",
                "justifyContent": "center",
                "width": "100%",
              },
              false,
            ]
          }
        >
          <View
            color="#4A5565"
            height={20}
            testID="user-icon"
            width={20}
          >
            <Text>
              UserIcon
            </Text>
          </View>
          <Text
            style={
              {
                "color": "#4A5565",
                "fontSize": 10,
                "marginTop": 4,
              }
            }
          >
            Mapa
          </Text>
        </View>
      </TabBarIcons>
      <View
        testID="map-screen"
      >
        <Text>
          MapScreen
        </Text>
        <Text
          testID="selected-location-text"
        >
          Full Refuge
        </Text>
        <View
          accessibilityState={
            {
              "busy": undefined,
              "checked": undefined,
              "disabled": undefined,
              "expanded": undefined,
              "selected": undefined,
            }
          }
          accessibilityValue={
            {
              "max": undefined,
              "min": undefined,
              "now": undefined,
              "text": undefined,
            }
          }
          accessible={true}
          collapsable={false}
          focusable={true}
          onClick={[Function]}
          onResponderGrant={[Function]}
          onResponderMove={[Function]}
          onResponderRelease={[Function]}
          onResponderTerminate={[Function]}
          onResponderTerminationRequest={[Function]}
          onStartShouldSetResponder={[Function]}
          style={
            {
              "opacity": 1,
            }
          }
          testID="select-location-btn"
        >
          <Text>
            Select Location
          </Text>
        </View>
      </View>
    </Screen>
    <Screen
      name="Favorites"
    >
      <TabBarIcons>
        <View
          style={
            [
              {
                "alignItems": "center",
                "backgroundColor": "transparent",
                "height": "100%",
                "justifyContent": "center",
                "width": "100%",
              },
              {
                "backgroundColor": "#f3f4f6",
              },
            ]
          }
        >
          <View
            height={20}
            testID="user-icon"
            width={20}
          >
            <Text>
              UserIcon
            </Text>
          </View>
          <Text
            style={
              {
                "color": "#4A5565",
                "fontSize": 10,
                "marginTop": 4,
              }
            }
          >
            Favorits
          </Text>
        </View>
        <View
          style={
            [
              {
                "alignItems": "center",
                "backgroundColor": "transparent",
                "height": "100%",
                "justifyContent": "center",
                "width": "100%",
              },
              false,
            ]
          }
        >
          <View
            height={20}
            testID="user-icon"
            width={20}
          >
            <Text>
              UserIcon
            </Text>
          </View>
          <Text
            style={
              {
                "color": "#4A5565",
                "fontSize": 10,
                "marginTop": 4,
              }
            }
          >
            Favorits
          </Text>
        </View>
      </TabBarIcons>
      <View
        testID="favorites-screen"
      >
        <Text>
          FavoritesScreen
        </Text>
        <View
          accessibilityState={
            {
              "busy": undefined,
              "checked": undefined,
              "disabled": undefined,
              "expanded": undefined,
              "selected": undefined,
            }
          }
          accessibilityValue={
            {
              "max": undefined,
              "min": undefined,
              "now": undefined,
              "text": undefined,
            }
          }
          accessible={true}
          collapsable={false}
          focusable={true}
          onClick={[Function]}
          onResponderGrant={[Function]}
          onResponderMove={[Function]}
          onResponderRelease={[Function]}
          onResponderTerminate={[Function]}
          onResponderTerminationRequest={[Function]}
          onStartShouldSetResponder={[Function]}
          style={
            {
              "opacity": 1,
            }
          }
          testID="view-detail-btn"
        >
          <Text>
            View Detail
          </Text>
        </View>
        <View
          accessibilityState={
            {
              "busy": undefined,
              "checked": undefined,
              "disabled": undefined,
              "expanded": undefined,
              "selected": undefined,
            }
          }
          accessibilityValue={
            {
              "max": undefined,
              "min": undefined,
              "now": undefined,
              "text": undefined,
            }
          }
          accessible={true}
          collapsable={false}
          focusable={true}
          onClick={[Function]}
          onResponderGrant={[Function]}
          onResponderMove={[Function]}
          onResponderRelease={[Function]}
          onResponderTerminate={[Function]}
          onResponderTerminationRequest={[Function]}
          onStartShouldSetResponder={[Function]}
          style={
            {
              "opacity": 1,
            }
          }
          testID="view-map-btn"
        >
          <Text>
            View Map
          </Text>
        </View>
      </View>
    </Screen>
    <Screen
      name="Renovations"
    >
      <TabBarIcons>
        <View
          style={
            [
              {
                "alignItems": "center",
                "backgroundColor": "transparent",
                "height": "100%",
                "justifyContent": "center",
                "width": "100%",
              },
              {
                "backgroundColor": "#f3f4f6",
              },
            ]
          }
        >
          <View
            color="#4A5565"
            height={20}
            testID="user-icon"
            width={20}
          >
            <Text>
              UserIcon
            </Text>
          </View>
          <Text
            style={
              {
                "color": "#4A5565",
                "fontSize": 10,
                "marginTop": 4,
              }
            }
          >
            Reformes
          </Text>
        </View>
        <View
          style={
            [
              {
                "alignItems": "center",
                "backgroundColor": "transparent",
                "height": "100%",
                "justifyContent": "center",
                "width": "100%",
              },
              false,
            ]
          }
        >
          <View
            color="#4A5565"
            height={20}
            testID="user-icon"
            width={20}
          >
            <Text>
              UserIcon
            </Text>
          </View>
          <Text
            style={
              {
                "color": "#4A5565",
                "fontSize": 10,
                "marginTop": 4,
              }
            }
          >
            Reformes
          </Text>
        </View>
      </TabBarIcons>
      <View
        testID="renovations-screen"
      >
        <Text>
          RenovationsScreen
        </Text>
        <View
          accessibilityState={
            {
              "busy": undefined,
              "checked": undefined,
              "disabled": undefined,
              "expanded": undefined,
              "selected": undefined,
            }
          }
          accessibilityValue={
            {
              "max": undefined,
              "min": undefined,
              "now": undefined,
              "text": undefined,
            }
          }
          accessible={true}
          collapsable={false}
          focusable={true}
          onClick={[Function]}
          onResponderGrant={[Function]}
          onResponderMove={[Function]}
          onResponderRelease={[Function]}
          onResponderTerminate={[Function]}
          onResponderTerminationRequest={[Function]}
          onStartShouldSetResponder={[Function]}
          style={
            {
              "opacity": 1,
            }
          }
          testID="renovations-view-map-btn"
        >
          <Text>
            View Map
          </Text>
        </View>
      </View>
    </Screen>
    <Screen
      name="Profile"
    >
      <TabBarIcons>
        <View
          style={
            [
              {
                "alignItems": "center",
                "backgroundColor": "transparent",
                "height": "100%",
                "justifyContent": "center",
                "width": "100%",
              },
              {
                "backgroundColor": "#f3f4f6",
              },
            ]
          }
        >
          <View
            color="#4A5565"
            height={20}
            testID="user-icon"
            width={20}
          >
            <Text>
              UserIcon
            </Text>
          </View>
          <Text
            style={
              {
                "color": "#4A5565",
                "fontSize": 10,
                "marginTop": 4,
              }
            }
          >
            Perfil
          </Text>
        </View>
        <View
          style={
            [
              {
                "alignItems": "center",
                "backgroundColor": "transparent",
                "height": "100%",
                "justifyContent": "center",
                "width": "100%",
              },
              false,
            ]
          }
        >
          <View
            color="#4A5565"
            height={20}
            testID="user-icon"
            width={20}
          >
            <Text>
              UserIcon
            </Text>
          </View>
          <Text
            style={
              {
                "color": "#4A5565",
                "fontSize": 10,
                "marginTop": 4,
              }
            }
          >
            Perfil
          </Text>
        </View>
      </TabBarIcons>
      <View
        testID="profile-screen"
      >
        <Text>
          ProfileScreen
        </Text>
        <View
          accessibilityState={
            {
              "busy": undefined,
              "checked": undefined,
              "disabled": undefined,
              "expanded": undefined,
              "selected": undefined,
            }
          }
          accessibilityValue={
            {
              "max": undefined,
              "min": undefined,
              "now": undefined,
              "text": undefined,
            }
          }
          accessible={true}
          collapsable={false}
          focusable={true}
          onClick={[Function]}
          onResponderGrant={[Function]}
          onResponderMove={[Function]}
          onResponderRelease={[Function]}
          onResponderTerminate={[Function]}
          onResponderTerminationRequest={[Function]}
          onStartShouldSetResponder={[Function]}
          style={
            {
              "opacity": 1,
            }
          }
          testID="profile-view-detail-btn"
        >
          <Text>
            View Detail
          </Text>
        </View>
        <View
          accessibilityState={
            {
              "busy": undefined,
              "checked": undefined,
              "disabled": undefined,
              "expanded": undefined,
              "selected": undefined,
            }
          }
          accessibilityValue={
            {
              "max": undefined,
              "min": undefined,
              "now": undefined,
              "text": undefined,
            }
          }
          accessible={true}
          collapsable={false}
          focusable={true}
          onClick={[Function]}
          onResponderGrant={[Function]}
          onResponderMove={[Function]}
          onResponderRelease={[Function]}
          onResponderTerminate={[Function]}
          onResponderTerminationRequest={[Function]}
          onStartShouldSetResponder={[Function]}
          style={
            {
              "opacity": 1,
            }
          }
          testID="profile-view-map-btn"
        >
          <Text>
            View Map
          </Text>
        </View>
      </View>
    </Screen>
  </Navigator>
</NavigationContainer>
`;

exports[`TabsNavigator Component Snapshot tests hauria de coincidir amb el snapshot - amb selectedLocation 1`] = `
<NavigationContainer>
  <Navigator>
    <Screen
      name="Map"
    >
      <TabBarIcons>
        <View
          style={
            [
              {
                "alignItems": "center",
                "backgroundColor": "transparent",
                "height": "100%",
                "justifyContent": "center",
                "width": "100%",
              },
              {
                "backgroundColor": "#f3f4f6",
              },
            ]
          }
        >
          <View
            color="#4A5565"
            height={20}
            testID="user-icon"
            width={20}
          >
            <Text>
              UserIcon
            </Text>
          </View>
          <Text
            style={
              {
                "color": "#4A5565",
                "fontSize": 10,
                "marginTop": 4,
              }
            }
          >
            Mapa
          </Text>
        </View>
        <View
          style={
            [
              {
                "alignItems": "center",
                "backgroundColor": "transparent",
                "height": "100%",
                "justifyContent": "center",
                "width": "100%",
              },
              false,
            ]
          }
        >
          <View
            color="#4A5565"
            height={20}
            testID="user-icon"
            width={20}
          >
            <Text>
              UserIcon
            </Text>
          </View>
          <Text
            style={
              {
                "color": "#4A5565",
                "fontSize": 10,
                "marginTop": 4,
              }
            }
          >
            Mapa
          </Text>
        </View>
      </TabBarIcons>
      <View
        testID="map-screen"
      >
        <Text>
          MapScreen
        </Text>
        <Text
          testID="selected-location-text"
        >
          Test Refuge
        </Text>
        <View
          accessibilityState={
            {
              "busy": undefined,
              "checked": undefined,
              "disabled": undefined,
              "expanded": undefined,
              "selected": undefined,
            }
          }
          accessibilityValue={
            {
              "max": undefined,
              "min": undefined,
              "now": undefined,
              "text": undefined,
            }
          }
          accessible={true}
          collapsable={false}
          focusable={true}
          onClick={[Function]}
          onResponderGrant={[Function]}
          onResponderMove={[Function]}
          onResponderRelease={[Function]}
          onResponderTerminate={[Function]}
          onResponderTerminationRequest={[Function]}
          onStartShouldSetResponder={[Function]}
          style={
            {
              "opacity": 1,
            }
          }
          testID="select-location-btn"
        >
          <Text>
            Select Location
          </Text>
        </View>
      </View>
    </Screen>
    <Screen
      name="Favorites"
    >
      <TabBarIcons>
        <View
          style={
            [
              {
                "alignItems": "center",
                "backgroundColor": "transparent",
                "height": "100%",
                "justifyContent": "center",
                "width": "100%",
              },
              {
                "backgroundColor": "#f3f4f6",
              },
            ]
          }
        >
          <View
            height={20}
            testID="user-icon"
            width={20}
          >
            <Text>
              UserIcon
            </Text>
          </View>
          <Text
            style={
              {
                "color": "#4A5565",
                "fontSize": 10,
                "marginTop": 4,
              }
            }
          >
            Favorits
          </Text>
        </View>
        <View
          style={
            [
              {
                "alignItems": "center",
                "backgroundColor": "transparent",
                "height": "100%",
                "justifyContent": "center",
                "width": "100%",
              },
              false,
            ]
          }
        >
          <View
            height={20}
            testID="user-icon"
            width={20}
          >
            <Text>
              UserIcon
            </Text>
          </View>
          <Text
            style={
              {
                "color": "#4A5565",
                "fontSize": 10,
                "marginTop": 4,
              }
            }
          >
            Favorits
          </Text>
        </View>
      </TabBarIcons>
      <View
        testID="favorites-screen"
      >
        <Text>
          FavoritesScreen
        </Text>
        <View
          accessibilityState={
            {
              "busy": undefined,
              "checked": undefined,
              "disabled": undefined,
              "expanded": undefined,
              "selected": undefined,
            }
          }
          accessibilityValue={
            {
              "max": undefined,
              "min": undefined,
              "now": undefined,
              "text": undefined,
            }
          }
          accessible={true}
          collapsable={false}
          focusable={true}
          onClick={[Function]}
          onResponderGrant={[Function]}
          onResponderMove={[Function]}
          onResponderRelease={[Function]}
          onResponderTerminate={[Function]}
          onResponderTerminationRequest={[Function]}
          onStartShouldSetResponder={[Function]}
          style={
            {
              "opacity": 1,
            }
          }
          testID="view-detail-btn"
        >
          <Text>
            View Detail
          </Text>
        </View>
        <View
          accessibilityState={
            {
              "busy": undefined,
              "checked": undefined,
              "disabled": undefined,
              "expanded": undefined,
              "selected": undefined,
            }
          }
          accessibilityValue={
            {
              "max": undefined,
              "min": undefined,
              "now": undefined,
              "text": undefined,
            }
          }
          accessible={true}
          collapsable={false}
          focusable={true}
          onClick={[Function]}
          onResponderGrant={[Function]}
          onResponderMove={[Function]}
          onResponderRelease={[Function]}
          onResponderTerminate={[Function]}
          onResponderTerminationRequest={[Function]}
          onStartShouldSetResponder={[Function]}
          style={
            {
              "opacity": 1,
            }
          }
          testID="view-map-btn"
        >
          <Text>
            View Map
          </Text>
        </View>
      </View>
    </Screen>
    <Screen
      name="Renovations"
    >
      <TabBarIcons>
        <View
          style={
            [
              {
                "alignItems": "center",
                "backgroundColor": "transparent",
                "height": "100%",
                "justifyContent": "center",
                "width": "100%",
              },
              {
                "backgroundColor": "#f3f4f6",
              },
            ]
          }
        >
          <View
            color="#4A5565"
            height={20}
            testID="user-icon"
            width={20}
          >
            <Text>
              UserIcon
            </Text>
          </View>
          <Text
            style={
              {
                "color": "#4A5565",
                "fontSize": 10,
                "marginTop": 4,
              }
            }
          >
            Reformes
          </Text>
        </View>
        <View
          style={
            [
              {
                "alignItems": "center",
                "backgroundColor": "transparent",
                "height": "100%",
                "justifyContent": "center",
                "width": "100%",
              },
              false,
            ]
          }
        >
          <View
            color="#4A5565"
            height={20}
            testID="user-icon"
            width={20}
          >
            <Text>
              UserIcon
            </Text>
          </View>
          <Text
            style={
              {
                "color": "#4A5565",
                "fontSize": 10,
                "marginTop": 4,
              }
            }
          >
            Reformes
          </Text>
        </View>
      </TabBarIcons>
      <View
        testID="renovations-screen"
      >
        <Text>
          RenovationsScreen
        </Text>
        <View
          accessibilityState={
            {
              "busy": undefined,
              "checked": undefined,
              "disabled": undefined,
              "expanded": undefined,
              "selected": undefined,
            }
          }
          accessibilityValue={
            {
              "max": undefined,
              "min": undefined,
              "now": undefined,
              "text": undefined,
            }
          }
          accessible={true}
          collapsable={false}
          focusable={true}
          onClick={[Function]}
          onResponderGrant={[Function]}
          onResponderMove={[Function]}
          onResponderRelease={[Function]}
          onResponderTerminate={[Function]}
          onResponderTerminationRequest={[Function]}
          onStartShouldSetResponder={[Function]}
          style={
            {
              "opacity": 1,
            }
          }
          testID="renovations-view-map-btn"
        >
          <Text>
            View Map
          </Text>
        </View>
      </View>
    </Screen>
    <Screen
      name="Profile"
    >
      <TabBarIcons>
        <View
          style={
            [
              {
                "alignItems": "center",
                "backgroundColor": "transparent",
                "height": "100%",
                "justifyContent": "center",
                "width": "100%",
              },
              {
                "backgroundColor": "#f3f4f6",
              },
            ]
          }
        >
          <View
            color="#4A5565"
            height={20}
            testID="user-icon"
            width={20}
          >
            <Text>
              UserIcon
            </Text>
          </View>
          <Text
            style={
              {
                "color": "#4A5565",
                "fontSize": 10,
                "marginTop": 4,
              }
            }
          >
            Perfil
          </Text>
        </View>
        <View
          style={
            [
              {
                "alignItems": "center",
                "backgroundColor": "transparent",
                "height": "100%",
                "justifyContent": "center",
                "width": "100%",
              },
              false,
            ]
          }
        >
          <View
            color="#4A5565"
            height={20}
            testID="user-icon"
            width={20}
          >
            <Text>
              UserIcon
            </Text>
          </View>
          <Text
            style={
              {
                "color": "#4A5565",
                "fontSize": 10,
                "marginTop": 4,
              }
            }
          >
            Perfil
          </Text>
        </View>
      </TabBarIcons>
      <View
        testID="profile-screen"
      >
        <Text>
          ProfileScreen
        </Text>
        <View
          accessibilityState={
            {
              "busy": undefined,
              "checked": undefined,
              "disabled": undefined,
              "expanded": undefined,
              "selected": undefined,
            }
          }
          accessibilityValue={
            {
              "max": undefined,
              "min": undefined,
              "now": undefined,
              "text": undefined,
            }
          }
          accessible={true}
          collapsable={false}
          focusable={true}
          onClick={[Function]}
          onResponderGrant={[Function]}
          onResponderMove={[Function]}
          onResponderRelease={[Function]}
          onResponderTerminate={[Function]}
          onResponderTerminationRequest={[Function]}
          onStartShouldSetResponder={[Function]}
          style={
            {
              "opacity": 1,
            }
          }
          testID="profile-view-detail-btn"
        >
          <Text>
            View Detail
          </Text>
        </View>
        <View
          accessibilityState={
            {
              "busy": undefined,
              "checked": undefined,
              "disabled": undefined,
              "expanded": undefined,
              "selected": undefined,
            }
          }
          accessibilityValue={
            {
              "max": undefined,
              "min": undefined,
              "now": undefined,
              "text": undefined,
            }
          }
          accessible={true}
          collapsable={false}
          focusable={true}
          onClick={[Function]}
          onResponderGrant={[Function]}
          onResponderMove={[Function]}
          onResponderRelease={[Function]}
          onResponderTerminate={[Function]}
          onResponderTerminationRequest={[Function]}
          onStartShouldSetResponder={[Function]}
          style={
            {
              "opacity": 1,
            }
          }
          testID="profile-view-map-btn"
        >
          <Text>
            View Map
          </Text>
        </View>
      </View>
    </Screen>
  </Navigator>
</NavigationContainer>
`;

exports[`TabsNavigator Component Snapshot tests hauria de coincidir amb el snapshot - estat inicial 1`] = `
<NavigationContainer>
  <Navigator>
    <Screen
      name="Map"
    >
      <TabBarIcons>
        <View
          style={
            [
              {
                "alignItems": "center",
                "backgroundColor": "transparent",
                "height": "100%",
                "justifyContent": "center",
                "width": "100%",
              },
              {
                "backgroundColor": "#f3f4f6",
              },
            ]
          }
        >
          <View
            color="#4A5565"
            height={20}
            testID="user-icon"
            width={20}
          >
            <Text>
              UserIcon
            </Text>
          </View>
          <Text
            style={
              {
                "color": "#4A5565",
                "fontSize": 10,
                "marginTop": 4,
              }
            }
          >
            Mapa
          </Text>
        </View>
        <View
          style={
            [
              {
                "alignItems": "center",
                "backgroundColor": "transparent",
                "height": "100%",
                "justifyContent": "center",
                "width": "100%",
              },
              false,
            ]
          }
        >
          <View
            color="#4A5565"
            height={20}
            testID="user-icon"
            width={20}
          >
            <Text>
              UserIcon
            </Text>
          </View>
          <Text
            style={
              {
                "color": "#4A5565",
                "fontSize": 10,
                "marginTop": 4,
              }
            }
          >
            Mapa
          </Text>
        </View>
      </TabBarIcons>
      <View
        testID="map-screen"
      >
        <Text>
          MapScreen
        </Text>
        <Text
          testID="selected-location-text"
        >
          no-location
        </Text>
        <View
          accessibilityState={
            {
              "busy": undefined,
              "checked": undefined,
              "disabled": undefined,
              "expanded": undefined,
              "selected": undefined,
            }
          }
          accessibilityValue={
            {
              "max": undefined,
              "min": undefined,
              "now": undefined,
              "text": undefined,
            }
          }
          accessible={true}
          collapsable={false}
          focusable={true}
          onClick={[Function]}
          onResponderGrant={[Function]}
          onResponderMove={[Function]}
          onResponderRelease={[Function]}
          onResponderTerminate={[Function]}
          onResponderTerminationRequest={[Function]}
          onStartShouldSetResponder={[Function]}
          style={
            {
              "opacity": 1,
            }
          }
          testID="select-location-btn"
        >
          <Text>
            Select Location
          </Text>
        </View>
      </View>
    </Screen>
    <Screen
      name="Favorites"
    >
      <TabBarIcons>
        <View
          style={
            [
              {
                "alignItems": "center",
                "backgroundColor": "transparent",
                "height": "100%",
                "justifyContent": "center",
                "width": "100%",
              },
              {
                "backgroundColor": "#f3f4f6",
              },
            ]
          }
        >
          <View
            height={20}
            testID="user-icon"
            width={20}
          >
            <Text>
              UserIcon
            </Text>
          </View>
          <Text
            style={
              {
                "color": "#4A5565",
                "fontSize": 10,
                "marginTop": 4,
              }
            }
          >
            Favorits
          </Text>
        </View>
        <View
          style={
            [
              {
                "alignItems": "center",
                "backgroundColor": "transparent",
                "height": "100%",
                "justifyContent": "center",
                "width": "100%",
              },
              false,
            ]
          }
        >
          <View
            height={20}
            testID="user-icon"
            width={20}
          >
            <Text>
              UserIcon
            </Text>
          </View>
          <Text
            style={
              {
                "color": "#4A5565",
                "fontSize": 10,
                "marginTop": 4,
              }
            }
          >
            Favorits
          </Text>
        </View>
      </TabBarIcons>
      <View
        testID="favorites-screen"
      >
        <Text>
          FavoritesScreen
        </Text>
        <View
          accessibilityState={
            {
              "busy": undefined,
              "checked": undefined,
              "disabled": undefined,
              "expanded": undefined,
              "selected": undefined,
            }
          }
          accessibilityValue={
            {
              "max": undefined,
              "min": undefined,
              "now": undefined,
              "text": undefined,
            }
          }
          accessible={true}
          collapsable={false}
          focusable={true}
          onClick={[Function]}
          onResponderGrant={[Function]}
          onResponderMove={[Function]}
          onResponderRelease={[Function]}
          onResponderTerminate={[Function]}
          onResponderTerminationRequest={[Function]}
          onStartShouldSetResponder={[Function]}
          style={
            {
              "opacity": 1,
            }
          }
          testID="view-detail-btn"
        >
          <Text>
            View Detail
          </Text>
        </View>
        <View
          accessibilityState={
            {
              "busy": undefined,
              "checked": undefined,
              "disabled": undefined,
              "expanded": undefined,
              "selected": undefined,
            }
          }
          accessibilityValue={
            {
              "max": undefined,
              "min": undefined,
              "now": undefined,
              "text": undefined,
            }
          }
          accessible={true}
          collapsable={false}
          focusable={true}
          onClick={[Function]}
          onResponderGrant={[Function]}
          onResponderMove={[Function]}
          onResponderRelease={[Function]}
          onResponderTerminate={[Function]}
          onResponderTerminationRequest={[Function]}
          onStartShouldSetResponder={[Function]}
          style={
            {
              "opacity": 1,
            }
          }
          testID="view-map-btn"
        >
          <Text>
            View Map
          </Text>
        </View>
      </View>
    </Screen>
    <Screen
      name="Renovations"
    >
      <TabBarIcons>
        <View
          style={
            [
              {
                "alignItems": "center",
                "backgroundColor": "transparent",
                "height": "100%",
                "justifyContent": "center",
                "width": "100%",
              },
              {
                "backgroundColor": "#f3f4f6",
              },
            ]
          }
        >
          <View
            color="#4A5565"
            height={20}
            testID="user-icon"
            width={20}
          >
            <Text>
              UserIcon
            </Text>
          </View>
          <Text
            style={
              {
                "color": "#4A5565",
                "fontSize": 10,
                "marginTop": 4,
              }
            }
          >
            Reformes
          </Text>
        </View>
        <View
          style={
            [
              {
                "alignItems": "center",
                "backgroundColor": "transparent",
                "height": "100%",
                "justifyContent": "center",
                "width": "100%",
              },
              false,
            ]
          }
        >
          <View
            color="#4A5565"
            height={20}
            testID="user-icon"
            width={20}
          >
            <Text>
              UserIcon
            </Text>
          </View>
          <Text
            style={
              {
                "color": "#4A5565",
                "fontSize": 10,
                "marginTop": 4,
              }
            }
          >
            Reformes
          </Text>
        </View>
      </TabBarIcons>
      <View
        testID="renovations-screen"
      >
        <Text>
          RenovationsScreen
        </Text>
        <View
          accessibilityState={
            {
              "busy": undefined,
              "checked": undefined,
              "disabled": undefined,
              "expanded": undefined,
              "selected": undefined,
            }
          }
          accessibilityValue={
            {
              "max": undefined,
              "min": undefined,
              "now": undefined,
              "text": undefined,
            }
          }
          accessible={true}
          collapsable={false}
          focusable={true}
          onClick={[Function]}
          onResponderGrant={[Function]}
          onResponderMove={[Function]}
          onResponderRelease={[Function]}
          onResponderTerminate={[Function]}
          onResponderTerminationRequest={[Function]}
          onStartShouldSetResponder={[Function]}
          style={
            {
              "opacity": 1,
            }
          }
          testID="renovations-view-map-btn"
        >
          <Text>
            View Map
          </Text>
        </View>
      </View>
    </Screen>
    <Screen
      name="Profile"
    >
      <TabBarIcons>
        <View
          style={
            [
              {
                "alignItems": "center",
                "backgroundColor": "transparent",
                "height": "100%",
                "justifyContent": "center",
                "width": "100%",
              },
              {
                "backgroundColor": "#f3f4f6",
              },
            ]
          }
        >
          <View
            color="#4A5565"
            height={20}
            testID="user-icon"
            width={20}
          >
            <Text>
              UserIcon
            </Text>
          </View>
          <Text
            style={
              {
                "color": "#4A5565",
                "fontSize": 10,
                "marginTop": 4,
              }
            }
          >
            Perfil
          </Text>
        </View>
        <View
          style={
            [
              {
                "alignItems": "center",
                "backgroundColor": "transparent",
                "height": "100%",
                "justifyContent": "center",
                "width": "100%",
              },
              false,
            ]
          }
        >
          <View
            color="#4A5565"
            height={20}
            testID="user-icon"
            width={20}
          >
            <Text>
              UserIcon
            </Text>
          </View>
          <Text
            style={
              {
                "color": "#4A5565",
                "fontSize": 10,
                "marginTop": 4,
              }
            }
          >
            Perfil
          </Text>
        </View>
      </TabBarIcons>
      <View
        testID="profile-screen"
      >
        <Text>
          ProfileScreen
        </Text>
        <View
          accessibilityState={
            {
              "busy": undefined,
              "checked": undefined,
              "disabled": undefined,
              "expanded": undefined,
              "selected": undefined,
            }
          }
          accessibilityValue={
            {
              "max": undefined,
              "min": undefined,
              "now": undefined,
              "text": undefined,
            }
          }
          accessible={true}
          collapsable={false}
          focusable={true}
          onClick={[Function]}
          onResponderGrant={[Function]}
          onResponderMove={[Function]}
          onResponderRelease={[Function]}
          onResponderTerminate={[Function]}
          onResponderTerminationRequest={[Function]}
          onStartShouldSetResponder={[Function]}
          style={
            {
              "opacity": 1,
            }
          }
          testID="profile-view-detail-btn"
        >
          <Text>
            View Detail
          </Text>
        </View>
        <View
          accessibilityState={
            {
              "busy": undefined,
              "checked": undefined,
              "disabled": undefined,
              "expanded": undefined,
              "selected": undefined,
            }
          }
          accessibilityValue={
            {
              "max": undefined,
              "min": undefined,
              "now": undefined,
              "text": undefined,
            }
          }
          accessible={true}
          collapsable={false}
          focusable={true}
          onClick={[Function]}
          onResponderGrant={[Function]}
          onResponderMove={[Function]}
          onResponderRelease={[Function]}
          onResponderTerminate={[Function]}
          onResponderTerminationRequest={[Function]}
          onStartShouldSetResponder={[Function]}
          style={
            {
              "opacity": 1,
            }
          }
          testID="profile-view-map-btn"
        >
          <Text>
            View Map
          </Text>
        </View>
      </View>
    </Screen>
  </Navigator>
</NavigationContainer>
`;
